Archive member included to satisfy reference by file (symbol)

/usr/lib/gcc/arm-none-eabi/9.2.1/../../../arm-none-eabi/lib/thumb/v7-m/nofp/libg.a(lib_a-atexit.o)
                              /usr/lib/gcc/arm-none-eabi/9.2.1/../../../arm-none-eabi/lib/thumb/v7-m/nofp/crt0.o (atexit)
/usr/lib/gcc/arm-none-eabi/9.2.1/../../../arm-none-eabi/lib/thumb/v7-m/nofp/libg.a(lib_a-errno.o)
                              CMakeFiles/untitled.elf.dir/Core/Src/syscalls.c.obj (__errno)
/usr/lib/gcc/arm-none-eabi/9.2.1/../../../arm-none-eabi/lib/thumb/v7-m/nofp/libg.a(lib_a-exit.o)
                              /usr/lib/gcc/arm-none-eabi/9.2.1/../../../arm-none-eabi/lib/thumb/v7-m/nofp/crt0.o (exit)
/usr/lib/gcc/arm-none-eabi/9.2.1/../../../arm-none-eabi/lib/thumb/v7-m/nofp/libg.a(lib_a-fini.o)
                              /usr/lib/gcc/arm-none-eabi/9.2.1/../../../arm-none-eabi/lib/thumb/v7-m/nofp/crt0.o (__libc_fini_array)
/usr/lib/gcc/arm-none-eabi/9.2.1/../../../arm-none-eabi/lib/thumb/v7-m/nofp/libg.a(lib_a-impure.o)
                              /usr/lib/gcc/arm-none-eabi/9.2.1/../../../arm-none-eabi/lib/thumb/v7-m/nofp/libg.a(lib_a-exit.o) (_global_impure_ptr)
/usr/lib/gcc/arm-none-eabi/9.2.1/../../../arm-none-eabi/lib/thumb/v7-m/nofp/libg.a(lib_a-init.o)
                              /usr/lib/gcc/arm-none-eabi/9.2.1/../../../arm-none-eabi/lib/thumb/v7-m/nofp/crt0.o (__libc_init_array)
/usr/lib/gcc/arm-none-eabi/9.2.1/../../../arm-none-eabi/lib/thumb/v7-m/nofp/libg.a(lib_a-memset.o)
                              /usr/lib/gcc/arm-none-eabi/9.2.1/../../../arm-none-eabi/lib/thumb/v7-m/nofp/crt0.o (memset)
/usr/lib/gcc/arm-none-eabi/9.2.1/../../../arm-none-eabi/lib/thumb/v7-m/nofp/libg.a(lib_a-__atexit.o)
                              /usr/lib/gcc/arm-none-eabi/9.2.1/../../../arm-none-eabi/lib/thumb/v7-m/nofp/libg.a(lib_a-atexit.o) (__register_exitproc)
/usr/lib/gcc/arm-none-eabi/9.2.1/../../../arm-none-eabi/lib/thumb/v7-m/nofp/libg.a(lib_a-__call_atexit.o)
                              /usr/lib/gcc/arm-none-eabi/9.2.1/../../../arm-none-eabi/lib/thumb/v7-m/nofp/libg.a(lib_a-exit.o) (__call_exitprocs)

Discarded input sections

 .text          0x0000000000000000        0x0 /usr/lib/gcc/arm-none-eabi/9.2.1/thumb/v7-m/nofp/crti.o
 .data          0x0000000000000000        0x0 /usr/lib/gcc/arm-none-eabi/9.2.1/thumb/v7-m/nofp/crti.o
 .bss           0x0000000000000000        0x0 /usr/lib/gcc/arm-none-eabi/9.2.1/thumb/v7-m/nofp/crti.o
 .data          0x0000000000000000        0x4 /usr/lib/gcc/arm-none-eabi/9.2.1/thumb/v7-m/nofp/crtbegin.o
 .text          0x0000000000000000       0x70 /usr/lib/gcc/arm-none-eabi/9.2.1/../../../arm-none-eabi/lib/thumb/v7-m/nofp/crt0.o
 .data          0x0000000000000000        0x0 /usr/lib/gcc/arm-none-eabi/9.2.1/../../../arm-none-eabi/lib/thumb/v7-m/nofp/crt0.o
 .bss           0x0000000000000000        0x0 /usr/lib/gcc/arm-none-eabi/9.2.1/../../../arm-none-eabi/lib/thumb/v7-m/nofp/crt0.o
 .ARM.extab     0x0000000000000000        0x0 /usr/lib/gcc/arm-none-eabi/9.2.1/../../../arm-none-eabi/lib/thumb/v7-m/nofp/crt0.o
 .ARM.exidx     0x0000000000000000       0x10 /usr/lib/gcc/arm-none-eabi/9.2.1/../../../arm-none-eabi/lib/thumb/v7-m/nofp/crt0.o
 .debug_line    0x0000000000000000       0x87 /usr/lib/gcc/arm-none-eabi/9.2.1/../../../arm-none-eabi/lib/thumb/v7-m/nofp/crt0.o
 .debug_info    0x0000000000000000       0x26 /usr/lib/gcc/arm-none-eabi/9.2.1/../../../arm-none-eabi/lib/thumb/v7-m/nofp/crt0.o
 .debug_abbrev  0x0000000000000000       0x14 /usr/lib/gcc/arm-none-eabi/9.2.1/../../../arm-none-eabi/lib/thumb/v7-m/nofp/crt0.o
 .debug_aranges
                0x0000000000000000       0x20 /usr/lib/gcc/arm-none-eabi/9.2.1/../../../arm-none-eabi/lib/thumb/v7-m/nofp/crt0.o
 .debug_str     0x0000000000000000       0x94 /usr/lib/gcc/arm-none-eabi/9.2.1/../../../arm-none-eabi/lib/thumb/v7-m/nofp/crt0.o
 .ARM.attributes
                0x0000000000000000       0x1b /usr/lib/gcc/arm-none-eabi/9.2.1/../../../arm-none-eabi/lib/thumb/v7-m/nofp/crt0.o
 .text          0x0000000000000000        0x0 CMakeFiles/untitled.elf.dir/Core/Src/main.c.obj
 .data          0x0000000000000000        0x0 CMakeFiles/untitled.elf.dir/Core/Src/main.c.obj
 .bss           0x0000000000000000        0x0 CMakeFiles/untitled.elf.dir/Core/Src/main.c.obj
 .text.Error_Handler
                0x0000000000000000        0x2 CMakeFiles/untitled.elf.dir/Core/Src/main.c.obj
 .text          0x0000000000000000        0x0 CMakeFiles/untitled.elf.dir/Core/Src/stm32f1xx_hal_msp.c.obj
 .data          0x0000000000000000        0x0 CMakeFiles/untitled.elf.dir/Core/Src/stm32f1xx_hal_msp.c.obj
 .bss           0x0000000000000000        0x0 CMakeFiles/untitled.elf.dir/Core/Src/stm32f1xx_hal_msp.c.obj
 .text.HAL_UART_MspDeInit
                0x0000000000000000       0x2c CMakeFiles/untitled.elf.dir/Core/Src/stm32f1xx_hal_msp.c.obj
 .text          0x0000000000000000        0x0 CMakeFiles/untitled.elf.dir/Core/Src/stm32f1xx_it.c.obj
[...]
Memory Configuration

Name             Origin             Length             Attributes
RAM              0x0000000020000000 0x0000000000005000 xrw
FLASH            0x0000000008000000 0x0000000000020000 xr
*default*        0x0000000000000000 0xffffffffffffffff

Linker script and memory map

LOAD /usr/lib/gcc/arm-none-eabi/9.2.1/thumb/v7-m/nofp/crti.o
LOAD /usr/lib/gcc/arm-none-eabi/9.2.1/thumb/v7-m/nofp/crtbegin.o
LOAD /usr/lib/gcc/arm-none-eabi/9.2.1/../../../arm-none-eabi/lib/thumb/v7-m/nofp/crt0.o
LOAD CMakeFiles/untitled.elf.dir/Core/Src/main.c.obj
LOAD CMakeFiles/untitled.elf.dir/Core/Src/stm32f1xx_hal_msp.c.obj
LOAD CMakeFiles/untitled.elf.dir/Core/Src/stm32f1xx_it.c.obj
LOAD CMakeFiles/untitled.elf.dir/Core/Src/syscalls.c.obj
LOAD CMakeFiles/untitled.elf.dir/Core/Src/sysmem.c.obj
LOAD CMakeFiles/untitled.elf.dir/Core/Src/system_stm32f1xx.c.obj
LOAD CMakeFiles/untitled.elf.dir/Core/Startup/startup_stm32f103rbtx.s.obj
LOAD CMakeFiles/untitled.elf.dir/Drivers/STM32F1xx_HAL_Driver/Src/stm32f1xx_hal.c.obj
LOAD CMakeFiles/untitled.elf.dir/Drivers/STM32F1xx_HAL_Driver/Src/stm32f1xx_hal_cortex.c.obj
LOAD CMakeFiles/untitled.elf.dir/Drivers/STM32F1xx_HAL_Driver/Src/stm32f1xx_hal_dma.c.obj
LOAD CMakeFiles/untitled.elf.dir/Drivers/STM32F1xx_HAL_Driver/Src/stm32f1xx_hal_exti.c.obj
LOAD CMakeFiles/untitled.elf.dir/Drivers/STM32F1xx_HAL_Driver/Src/stm32f1xx_hal_flash.c.obj
LOAD CMakeFiles/untitled.elf.dir/Drivers/STM32F1xx_HAL_Driver/Src/stm32f1xx_hal_flash_ex.c.obj
LOAD CMakeFiles/untitled.elf.dir/Drivers/STM32F1xx_HAL_Driver/Src/stm32f1xx_hal_gpio.c.obj
LOAD CMakeFiles/untitled.elf.dir/Drivers/STM32F1xx_HAL_Driver/Src/stm32f1xx_hal_gpio_ex.c.obj
LOAD CMakeFiles/untitled.elf.dir/Drivers/STM32F1xx_HAL_Driver/Src/stm32f1xx_hal_pwr.c.obj
LOAD CMakeFiles/untitled.elf.dir/Drivers/STM32F1xx_HAL_Driver/Src/stm32f1xx_hal_rcc.c.obj
LOAD CMakeFiles/untitled.elf.dir/Drivers/STM32F1xx_HAL_Driver/Src/stm32f1xx_hal_rcc_ex.c.obj
LOAD CMakeFiles/untitled.elf.dir/Drivers/STM32F1xx_HAL_Driver/Src/stm32f1xx_hal_tim.c.obj
LOAD CMakeFiles/untitled.elf.dir/Drivers/STM32F1xx_HAL_Driver/Src/stm32f1xx_hal_tim_ex.c.obj
LOAD CMakeFiles/untitled.elf.dir/Drivers/STM32F1xx_HAL_Driver/Src/stm32f1xx_hal_uart.c.obj
START GROUP
LOAD /usr/lib/gcc/arm-none-eabi/9.2.1/thumb/v7-m/nofp/libgcc.a
LOAD /usr/lib/gcc/arm-none-eabi/9.2.1/../../../arm-none-eabi/lib/thumb/v7-m/nofp/libg.a
LOAD /usr/lib/gcc/arm-none-eabi/9.2.1/../../../arm-none-eabi/lib/thumb/v7-m/nofp/libc.a
END GROUP
LOAD /usr/lib/gcc/arm-none-eabi/9.2.1/thumb/v7-m/nofp/crtend.o
LOAD /usr/lib/gcc/arm-none-eabi/9.2.1/thumb/v7-m/nofp/crtn.o
                0x0000000020005000                _estack = (ORIGIN (RAM) + LENGTH (RAM))
                0x0000000000000200                _Min_Heap_Size = 0x200
                0x0000000000000400                _Min_Stack_Size = 0x400

.isr_vector     0x0000000008000000      0x10c
                0x0000000008000000                . = ALIGN (0x4)
 *(.isr_vector)
 .isr_vector    0x0000000008000000      0x10c CMakeFiles/untitled.elf.dir/Core/Startup/startup_stm32f103rbtx.s.obj
                0x0000000008000000                g_pfnVectors
                0x000000000800010c                . = ALIGN (0x4)

.text           0x000000000800010c      0xf6c
                0x000000000800010c                . = ALIGN (0x4)
 *(.text)
 .text          0x000000000800010c       0x88 /usr/lib/gcc/arm-none-eabi/9.2.1/thumb/v7-m/nofp/crtbegin.o
 .text          0x0000000008000194        0xc /usr/lib/gcc/arm-none-eabi/9.2.1/../../../arm-none-eabi/lib/thumb/v7-m/nofp/libg.a(lib_a-atexit.o)
                0x0000000008000194                atexit
 .text          0x00000000080001a0       0x34 /usr/lib/gcc/arm-none-eabi/9.2.1/../../../arm-none-eabi/lib/thumb/v7-m/nofp/libg.a(lib_a-fini.o)
                0x00000000080001a0                __libc_fini_array
 .text          0x00000000080001d4       0x48 /usr/lib/gcc/arm-none-eabi/9.2.1/../../../arm-none-eabi/lib/thumb/v7-m/nofp/libg.a(lib_a-init.o)
                0x00000000080001d4                __libc_init_array
 .text          0x000000000800021c       0x64 /usr/lib/gcc/arm-none-eabi/9.2.1/../../../arm-none-eabi/lib/thumb/v7-m/nofp/libg.a(lib_a-__atexit.o)
                0x000000000800021c                __register_exitproc
 *(.text*)
 .text.MX_GPIO_Init
                0x0000000008000280       0xb4 CMakeFiles/untitled.elf.dir/Core/Src/main.c.obj
 .text.MX_USART2_UART_Init
                0x0000000008000334       0x2c CMakeFiles/untitled.elf.dir/Core/Src/main.c.obj
 .text.SystemClock_Config
                0x0000000008000360       0x50 CMakeFiles/untitled.elf.dir/Core/Src/main.c.obj
                0x0000000008000360                SystemClock_Config
 .text.main     0x00000000080003b0       0x48 CMakeFiles/untitled.elf.dir/Core/Src/main.c.obj
                0x00000000080003b0                main
 .text.HAL_MspInit
                0x00000000080003f8       0x44 CMakeFiles/untitled.elf.dir/Core/Src/stm32f1xx_hal_msp.c.obj
                0x00000000080003f8                HAL_MspInit
 .text.HAL_UART_MspInit
                0x000000000800043c       0x60 CMakeFiles/untitled.elf.dir/Core/Src/stm32f1xx_hal_msp.c.obj
                0x000000000800043c                HAL_UART_MspInit
 .text.NMI_Handler
                0x000000000800049c        0x2 CMakeFiles/untitled.elf.dir/Core/Src/stm32f1xx_it.c.obj
                0x000000000800049c                NMI_Handler
 .text.HardFault_Handler
                0x000000000800049e        0x2 CMakeFiles/untitled.elf.dir/Core/Src/stm32f1xx_it.c.obj
                0x000000000800049e                HardFault_Handler
 .text.MemManage_Handler
                0x00000000080004a0        0x2 CMakeFiles/untitled.elf.dir/Core/Src/stm32f1xx_it.c.obj
                0x00000000080004a0                MemManage_Handler
 .text.BusFault_Handler
                0x00000000080004a2        0x2 CMakeFiles/untitled.elf.dir/Core/Src/stm32f1xx_it.c.obj
                0x00000000080004a2                BusFault_Handler
 .text.UsageFault_Handler
                0x00000000080004a4        0x2 CMakeFiles/untitled.elf.dir/Core/Src/stm32f1xx_it.c.obj
                0x00000000080004a4                UsageFault_Handler
 .text.SVC_Handler
                0x00000000080004a6        0x2 CMakeFiles/untitled.elf.dir/Core/Src/stm32f1xx_it.c.obj
                0x00000000080004a6                SVC_Handler
 .text.DebugMon_Handler
                0x00000000080004a8        0x2 CMakeFiles/untitled.elf.dir/Core/Src/stm32f1xx_it.c.obj
                0x00000000080004a8                DebugMon_Handler
 .text.PendSV_Handler
                0x00000000080004aa        0x2 CMakeFiles/untitled.elf.dir/Core/Src/stm32f1xx_it.c.obj
                0x00000000080004aa                PendSV_Handler
 .text.SysTick_Handler
                0x00000000080004ac        0x8 CMakeFiles/untitled.elf.dir/Core/Src/stm32f1xx_it.c.obj
                0x00000000080004ac                SysTick_Handler
 .text.EXTI15_10_IRQHandler
                0x00000000080004b4        0xc CMakeFiles/untitled.elf.dir/Core/Src/stm32f1xx_it.c.obj
                0x00000000080004b4                EXTI15_10_IRQHandler
 .text.SystemInit
                0x00000000080004c0        0x2 CMakeFiles/untitled.elf.dir/Core/Src/system_stm32f1xx.c.obj
                0x00000000080004c0                SystemInit
 *fill*         0x00000000080004c2        0x2 
 .text.Reset_Handler
                0x00000000080004c4       0x48 CMakeFiles/untitled.elf.dir/Core/Startup/startup_stm32f103rbtx.s.obj
                0x00000000080004c4                Reset_Handler
 .text.Default_Handler
                0x000000000800050c        0x2 CMakeFiles/untitled.elf.dir/Core/Startup/startup_stm32f103rbtx.s.obj
                0x000000000800050c                RTC_Alarm_IRQHandler
                0x000000000800050c                EXTI2_IRQHandler
                0x000000000800050c                TIM1_CC_IRQHandler
                0x000000000800050c                PVD_IRQHandler
                0x000000000800050c                EXTI3_IRQHandler
                0x000000000800050c                EXTI0_IRQHandler
                0x000000000800050c                I2C2_EV_IRQHandler
                0x000000000800050c                ADC1_2_IRQHandler
                0x000000000800050c                SPI1_IRQHandler
                0x000000000800050c                TAMPER_IRQHandler
                0x000000000800050c                DMA1_Channel4_IRQHandler
                0x000000000800050c                USART3_IRQHandler
                0x000000000800050c                RTC_IRQHandler
                0x000000000800050c                DMA1_Channel7_IRQHandler
                0x000000000800050c                CAN1_RX1_IRQHandler
                0x000000000800050c                TIM4_IRQHandler
                0x000000000800050c                I2C1_EV_IRQHandler
                0x000000000800050c                DMA1_Channel6_IRQHandler
                0x000000000800050c                TIM3_IRQHandler
                0x000000000800050c                RCC_IRQHandler
                0x000000000800050c                TIM1_TRG_COM_IRQHandler
                0x000000000800050c                DMA1_Channel1_IRQHandler
                0x000000000800050c                Default_Handler
                0x000000000800050c                EXTI9_5_IRQHandler
                0x000000000800050c                SPI2_IRQHandler
                0x000000000800050c                DMA1_Channel5_IRQHandler
                0x000000000800050c                EXTI4_IRQHandler
                0x000000000800050c                USB_LP_CAN1_RX0_IRQHandler
                0x000000000800050c                USB_HP_CAN1_TX_IRQHandler
                0x000000000800050c                DMA1_Channel3_IRQHandler
                0x000000000800050c                TIM1_UP_IRQHandler
                0x000000000800050c                WWDG_IRQHandler
                0x000000000800050c                TIM2_IRQHandler
                0x000000000800050c                TIM1_BRK_IRQHandler
                0x000000000800050c                EXTI1_IRQHandler
                0x000000000800050c                USART2_IRQHandler
                0x000000000800050c                I2C2_ER_IRQHandler
                0x000000000800050c                DMA1_Channel2_IRQHandler
                0x000000000800050c                CAN1_SCE_IRQHandler
                0x000000000800050c                FLASH_IRQHandler
                0x000000000800050c                USART1_IRQHandler
                0x000000000800050c                I2C1_ER_IRQHandler
                0x000000000800050c                USBWakeUp_IRQHandler
 *fill*         0x000000000800050e        0x2 
 .text.HAL_InitTick
                0x0000000008000510       0x4c CMakeFiles/untitled.elf.dir/Drivers/STM32F1xx_HAL_Driver/Src/stm32f1xx_hal.c.obj
                0x0000000008000510                HAL_InitTick
 .text.HAL_Init
                0x000000000800055c       0x24 CMakeFiles/untitled.elf.dir/Drivers/STM32F1xx_HAL_Driver/Src/stm32f1xx_hal.c.obj
                0x000000000800055c                HAL_Init
 .text.HAL_IncTick
                0x0000000008000580       0x18 CMakeFiles/untitled.elf.dir/Drivers/STM32F1xx_HAL_Driver/Src/stm32f1xx_hal.c.obj
                0x0000000008000580                HAL_IncTick
 .text.HAL_GetTick
                0x0000000008000598        0xc CMakeFiles/untitled.elf.dir/Drivers/STM32F1xx_HAL_Driver/Src/stm32f1xx_hal.c.obj
                0x0000000008000598                HAL_GetTick
 .text.HAL_Delay
                0x00000000080005a4       0x28 CMakeFiles/untitled.elf.dir/Drivers/STM32F1xx_HAL_Driver/Src/stm32f1xx_hal.c.obj
                0x00000000080005a4                HAL_Delay
 .text.HAL_NVIC_SetPriorityGrouping
                0x00000000080005cc       0x24 CMakeFiles/untitled.elf.dir/Drivers/STM32F1xx_HAL_Driver/Src/stm32f1xx_hal_cortex.c.obj
                0x00000000080005cc                HAL_NVIC_SetPriorityGrouping
 .text.HAL_NVIC_SetPriority
                0x00000000080005f0       0x68 CMakeFiles/untitled.elf.dir/Drivers/STM32F1xx_HAL_Driver/Src/stm32f1xx_hal_cortex.c.obj
                0x00000000080005f0                HAL_NVIC_SetPriority
 .text.HAL_NVIC_EnableIRQ
                0x0000000008000658       0x1c CMakeFiles/untitled.elf.dir/Drivers/STM32F1xx_HAL_Driver/Src/stm32f1xx_hal_cortex.c.obj
                0x0000000008000658                HAL_NVIC_EnableIRQ
 .text.HAL_SYSTICK_Config
                0x0000000008000674       0x2c CMakeFiles/untitled.elf.dir/Drivers/STM32F1xx_HAL_Driver/Src/stm32f1xx_hal_cortex.c.obj
                0x0000000008000674                HAL_SYSTICK_Config
 .text.HAL_GPIO_Init
                0x00000000080006a0      0x220 CMakeFiles/untitled.elf.dir/Drivers/STM32F1xx_HAL_Driver/Src/stm32f1xx_hal_gpio.c.obj
                0x00000000080006a0                HAL_GPIO_Init
 .text.HAL_GPIO_WritePin
                0x00000000080008c0        0xc CMakeFiles/untitled.elf.dir/Drivers/STM32F1xx_HAL_Driver/Src/stm32f1xx_hal_gpio.c.obj
                0x00000000080008c0                HAL_GPIO_WritePin
 .text.HAL_GPIO_TogglePin
                0x00000000080008cc       0x12 CMakeFiles/untitled.elf.dir/Drivers/STM32F1xx_HAL_Driver/Src/stm32f1xx_hal_gpio.c.obj
                0x00000000080008cc                HAL_GPIO_TogglePin
 .text.HAL_GPIO_EXTI_Callback
                0x00000000080008de        0x2 CMakeFiles/untitled.elf.dir/Drivers/STM32F1xx_HAL_Driver/Src/stm32f1xx_hal_gpio.c.obj
                0x00000000080008de                HAL_GPIO_EXTI_Callback
 .text.HAL_GPIO_EXTI_IRQHandler
                0x00000000080008e0       0x1c CMakeFiles/untitled.elf.dir/Drivers/STM32F1xx_HAL_Driver/Src/stm32f1xx_hal_gpio.c.obj
                0x00000000080008e0                HAL_GPIO_EXTI_IRQHandler
 .text.RCC_Delay
                0x00000000080008fc       0x2c CMakeFiles/untitled.elf.dir/Drivers/STM32F1xx_HAL_Driver/Src/stm32f1xx_hal_rcc.c.obj
 .text.HAL_RCC_OscConfig
                0x0000000008000928      0x410 CMakeFiles/untitled.elf.dir/Drivers/STM32F1xx_HAL_Driver/Src/stm32f1xx_hal_rcc.c.obj
                0x0000000008000928                HAL_RCC_OscConfig
 .text.HAL_RCC_GetSysClockFreq
                0x0000000008000d38       0x6c CMakeFiles/untitled.elf.dir/Drivers/STM32F1xx_HAL_Driver/Src/stm32f1xx_hal_rcc.c.obj
                0x0000000008000d38                HAL_RCC_GetSysClockFreq
 .text.HAL_RCC_ClockConfig
                0x0000000008000da4      0x16c CMakeFiles/untitled.elf.dir/Drivers/STM32F1xx_HAL_Driver/Src/stm32f1xx_hal_rcc.c.obj
                0x0000000008000da4                HAL_RCC_ClockConfig
 .text.HAL_RCC_GetHCLKFreq
                0x0000000008000f10        0xc CMakeFiles/untitled.elf.dir/Drivers/STM32F1xx_HAL_Driver/Src/stm32f1xx_hal_rcc.c.obj
                0x0000000008000f10                HAL_RCC_GetHCLKFreq
 .text.HAL_RCC_GetPCLK1Freq
                0x0000000008000f1c       0x20 CMakeFiles/untitled.elf.dir/Drivers/STM32F1xx_HAL_Driver/Src/stm32f1xx_hal_rcc.c.obj
                0x0000000008000f1c                HAL_RCC_GetPCLK1Freq
 .text.HAL_RCC_GetPCLK2Freq
                0x0000000008000f3c       0x20 CMakeFiles/untitled.elf.dir/Drivers/STM32F1xx_HAL_Driver/Src/stm32f1xx_hal_rcc.c.obj
                0x0000000008000f3c                HAL_RCC_GetPCLK2Freq
 .text.UART_SetConfig
                0x0000000008000f5c       0x90 CMakeFiles/untitled.elf.dir/Drivers/STM32F1xx_HAL_Driver/Src/stm32f1xx_hal_uart.c.obj
 .text.HAL_UART_Init
                0x0000000008000fec       0x5e CMakeFiles/untitled.elf.dir/Drivers/STM32F1xx_HAL_Driver/Src/stm32f1xx_hal_uart.c.obj
                0x0000000008000fec                HAL_UART_Init
 *fill*         0x000000000800104a        0x2 
 .text.startup  0x000000000800104c       0x14 /usr/lib/gcc/arm-none-eabi/9.2.1/../../../arm-none-eabi/lib/thumb/v7-m/nofp/libg.a(lib_a-__call_atexit.o)
 *(.glue_7)
 .glue_7        0x0000000008001060        0x0 linker stubs
 *(.glue_7t)
 .glue_7t       0x0000000008001060        0x0 linker stubs
 *(.eh_frame)
 .eh_frame      0x0000000008001060        0x0 /usr/lib/gcc/arm-none-eabi/9.2.1/thumb/v7-m/nofp/crtbegin.o
 *(.init)
 .init          0x0000000008001060        0x4 /usr/lib/gcc/arm-none-eabi/9.2.1/thumb/v7-m/nofp/crti.o
                0x0000000008001060                _init
 .init          0x0000000008001064        0x8 /usr/lib/gcc/arm-none-eabi/9.2.1/thumb/v7-m/nofp/crtn.o
 *(.fini)
 .fini          0x000000000800106c        0x4 /usr/lib/gcc/arm-none-eabi/9.2.1/thumb/v7-m/nofp/crti.o
                0x000000000800106c                _fini
 .fini          0x0000000008001070        0x8 /usr/lib/gcc/arm-none-eabi/9.2.1/thumb/v7-m/nofp/crtn.o
                0x0000000008001078                . = ALIGN (0x4)
                0x0000000008001078                _etext = .

.vfp11_veneer   0x0000000008001078        0x0
 .vfp11_veneer  0x0000000008001078        0x0 linker stubs

.v4_bx          0x0000000008001078        0x0
 .v4_bx         0x0000000008001078        0x0 linker stubs

.iplt           0x0000000008001078        0x0
 .iplt          0x0000000008001078        0x0 /usr/lib/gcc/arm-none-eabi/9.2.1/thumb/v7-m/nofp/crtbegin.o

.rodata         0x0000000008001078       0x30
                0x0000000008001078                . = ALIGN (0x4)
 *(.rodata)
 .rodata        0x0000000008001078        0x4 /usr/lib/gcc/arm-none-eabi/9.2.1/../../../arm-none-eabi/lib/thumb/v7-m/nofp/libg.a(lib_a-impure.o)
                0x0000000008001078                _global_impure_ptr
 *(.rodata*)
 .rodata.AHBPrescTable
                0x000000000800107c       0x10 CMakeFiles/untitled.elf.dir/Core/Src/system_stm32f1xx.c.obj
                0x000000000800107c                AHBPrescTable
 .rodata.APBPrescTable
                0x000000000800108c        0x8 CMakeFiles/untitled.elf.dir/Core/Src/system_stm32f1xx.c.obj
                0x000000000800108c                APBPrescTable
 .rodata.HAL_RCC_GetSysClockFreq.str1.4
                0x0000000008001094       0x11 CMakeFiles/untitled.elf.dir/Drivers/STM32F1xx_HAL_Driver/Src/stm32f1xx_hal_rcc.c.obj
                0x00000000080010a8                . = ALIGN (0x4)
 *fill*         0x00000000080010a5        0x3 

.rel.dyn        0x00000000080010a8        0x0
 .rel.iplt      0x00000000080010a8        0x0 /usr/lib/gcc/arm-none-eabi/9.2.1/thumb/v7-m/nofp/crtbegin.o

.ARM.extab      0x00000000080010a8        0x0
                0x00000000080010a8                . = ALIGN (0x4)
 *(.ARM.extab* .gnu.linkonce.armextab.*)
                0x00000000080010a8                . = ALIGN (0x4)

.ARM            0x00000000080010a8        0x0
                0x00000000080010a8                . = ALIGN (0x4)
                0x00000000080010a8                __exidx_start = .
 *(.ARM.exidx*)
                0x00000000080010a8                __exidx_end = .
                0x00000000080010a8                . = ALIGN (0x4)

.preinit_array  0x00000000080010a8        0x0
                0x00000000080010a8                . = ALIGN (0x4)
                0x00000000080010a8                PROVIDE (__preinit_array_start = .)
 *(.preinit_array*)
                0x00000000080010a8                PROVIDE (__preinit_array_end = .)
                0x00000000080010a8                . = ALIGN (0x4)

.init_array     0x00000000080010a8        0x8
                0x00000000080010a8                . = ALIGN (0x4)
                0x00000000080010a8                PROVIDE (__init_array_start = .)
 *(SORT_BY_NAME(.init_array.*))
 .init_array.00000
                0x00000000080010a8        0x4 /usr/lib/gcc/arm-none-eabi/9.2.1/../../../arm-none-eabi/lib/thumb/v7-m/nofp/libg.a(lib_a-__call_atexit.o)
 *(.init_array*)
 .init_array    0x00000000080010ac        0x4 /usr/lib/gcc/arm-none-eabi/9.2.1/thumb/v7-m/nofp/crtbegin.o
                0x00000000080010b0                PROVIDE (__init_array_end = .)
                0x00000000080010b0                . = ALIGN (0x4)

.fini_array     0x00000000080010b0        0x4
                0x00000000080010b0                . = ALIGN (0x4)
                0x00000000080010b0                PROVIDE (__fini_array_start = .)
 *(SORT_BY_NAME(.fini_array.*))
 *(.fini_array*)
 .fini_array    0x00000000080010b0        0x4 /usr/lib/gcc/arm-none-eabi/9.2.1/thumb/v7-m/nofp/crtbegin.o
                0x00000000080010b4                PROVIDE (__fini_array_end = .)
                0x00000000080010b4                . = ALIGN (0x4)
                0x00000000080010b4                _sidata = LOADADDR (.data)

.data           0x0000000020000000      0x43c load address 0x00000000080010b4
                0x0000000020000000                . = ALIGN (0x4)
                0x0000000020000000                _sdata = .
 *(.data)
 .data          0x0000000020000000      0x430 /usr/lib/gcc/arm-none-eabi/9.2.1/../../../arm-none-eabi/lib/thumb/v7-m/nofp/libg.a(lib_a-impure.o)
                0x0000000020000000                _impure_ptr
 *(.data*)
 .data.SystemCoreClock
                0x0000000020000430        0x4 CMakeFiles/untitled.elf.dir/Core/Src/system_stm32f1xx.c.obj
                0x0000000020000430                SystemCoreClock
 .data.uwTickFreq
                0x0000000020000434        0x1 CMakeFiles/untitled.elf.dir/Drivers/STM32F1xx_HAL_Driver/Src/stm32f1xx_hal.c.obj
                0x0000000020000434                uwTickFreq
 *fill*         0x0000000020000435        0x3 
 .data.uwTickPrio
                0x0000000020000438        0x4 CMakeFiles/untitled.elf.dir/Drivers/STM32F1xx_HAL_Driver/Src/stm32f1xx_hal.c.obj
                0x0000000020000438                uwTickPrio
                0x000000002000043c                . = ALIGN (0x4)
                0x000000002000043c                _edata = .

.tm_clone_table
                0x000000002000043c        0x0 load address 0x00000000080014f0
 .tm_clone_table
                0x000000002000043c        0x0 /usr/lib/gcc/arm-none-eabi/9.2.1/thumb/v7-m/nofp/crtbegin.o
 .tm_clone_table
                0x000000002000043c        0x0 /usr/lib/gcc/arm-none-eabi/9.2.1/thumb/v7-m/nofp/crtend.o

.igot.plt       0x000000002000043c        0x0 load address 0x00000000080014f0
 .igot.plt      0x000000002000043c        0x0 /usr/lib/gcc/arm-none-eabi/9.2.1/thumb/v7-m/nofp/crtbegin.o
                0x000000002000043c                . = ALIGN (0x4)

.bss            0x000000002000043c       0x60 load address 0x00000000080014f0
                0x000000002000043c                _sbss = .
                0x000000002000043c                __bss_start__ = _sbss
 *(.bss)
 .bss           0x000000002000043c       0x1c /usr/lib/gcc/arm-none-eabi/9.2.1/thumb/v7-m/nofp/crtbegin.o
 *(.bss*)
 .bss.huart2    0x0000000020000458       0x40 CMakeFiles/untitled.elf.dir/Core/Src/main.c.obj
                0x0000000020000458                huart2
 .bss.uwTick    0x0000000020000498        0x4 CMakeFiles/untitled.elf.dir/Drivers/STM32F1xx_HAL_Driver/Src/stm32f1xx_hal.c.obj
                0x0000000020000498                uwTick
 *(COMMON)
                0x000000002000049c                . = ALIGN (0x4)
                0x000000002000049c                _ebss = .
                0x000000002000049c                __bss_end__ = _ebss

._user_heap_stack
                0x000000002000049c      0x604 load address 0x00000000080014f0
                0x00000000200004a0                . = ALIGN (0x8)
 *fill*         0x000000002000049c        0x4 
                [!provide]                        PROVIDE (end = .)
                0x00000000200004a0                PROVIDE (_end = .)
                0x00000000200006a0                . = (. + _Min_Heap_Size)
 *fill*         0x00000000200004a0      0x200 
                0x0000000020000aa0                . = (. + _Min_Stack_Size)
 *fill*         0x00000000200006a0      0x400 
                0x0000000020000aa0                . = ALIGN (0x8)

/DISCARD/
 libc.a(*)
 libm.a(*)
 libgcc.a(*)

.ARM.attributes
                0x0000000000000000       0x29
 *(.ARM.attributes)
 .ARM.attributes
                0x0000000000000000       0x1d /usr/lib/gcc/arm-none-eabi/9.2.1/thumb/v7-m/nofp/crti.o
 .ARM.attributes
                0x000000000000001d       0x2d /usr/lib/gcc/arm-none-eabi/9.2.1/thumb/v7-m/nofp/crtbegin.o
 .ARM.attributes
                0x000000000000004a       0x2d CMakeFiles/untitled.elf.dir/Core/Src/main.c.obj
 .ARM.attributes
                0x0000000000000077       0x2d CMakeFiles/untitled.elf.dir/Core/Src/stm32f1xx_hal_msp.c.obj
 .ARM.attributes
                0x00000000000000a4       0x2d CMakeFiles/untitled.elf.dir/Core/Src/stm32f1xx_it.c.obj
 .ARM.attributes
                0x00000000000000d1       0x2d CMakeFiles/untitled.elf.dir/Core/Src/system_stm32f1xx.c.obj
 .ARM.attributes
                0x00000000000000fe       0x21 CMakeFiles/untitled.elf.dir/Core/Startup/startup_stm32f103rbtx.s.obj
 .ARM.attributes
                0x000000000000011f       0x2d CMakeFiles/untitled.elf.dir/Drivers/STM32F1xx_HAL_Driver/Src/stm32f1xx_hal.c.obj
 .ARM.attributes
                0x000000000000014c       0x2d CMakeFiles/untitled.elf.dir/Drivers/STM32F1xx_HAL_Driver/Src/stm32f1xx_hal_cortex.c.obj
 .ARM.attributes
                0x0000000000000179       0x2d CMakeFiles/untitled.elf.dir/Drivers/STM32F1xx_HAL_Driver/Src/stm32f1xx_hal_gpio.c.obj
 .ARM.attributes
                0x00000000000001a6       0x2d CMakeFiles/untitled.elf.dir/Drivers/STM32F1xx_HAL_Driver/Src/stm32f1xx_hal_rcc.c.obj
 .ARM.attributes
                0x00000000000001d3       0x2d CMakeFiles/untitled.elf.dir/Drivers/STM32F1xx_HAL_Driver/Src/stm32f1xx_hal_uart.c.obj
 .ARM.attributes
                0x0000000000000200       0x2d /usr/lib/gcc/arm-none-eabi/9.2.1/../../../arm-none-eabi/lib/thumb/v7-m/nofp/libg.a(lib_a-atexit.o)
 .ARM.attributes
                0x000000000000022d       0x2d /usr/lib/gcc/arm-none-eabi/9.2.1/../../../arm-none-eabi/lib/thumb/v7-m/nofp/libg.a(lib_a-fini.o)
 .ARM.attributes
                0x000000000000025a       0x2d /usr/lib/gcc/arm-none-eabi/9.2.1/../../../arm-none-eabi/lib/thumb/v7-m/nofp/libg.a(lib_a-impure.o)
 .ARM.attributes
                0x0000000000000287       0x2d /usr/lib/gcc/arm-none-eabi/9.2.1/../../../arm-none-eabi/lib/thumb/v7-m/nofp/libg.a(lib_a-init.o)
 .ARM.attributes
                0x00000000000002b4       0x2d /usr/lib/gcc/arm-none-eabi/9.2.1/../../../arm-none-eabi/lib/thumb/v7-m/nofp/libg.a(lib_a-__atexit.o)
 .ARM.attributes
                0x00000000000002e1       0x2d /usr/lib/gcc/arm-none-eabi/9.2.1/../../../arm-none-eabi/lib/thumb/v7-m/nofp/libg.a(lib_a-__call_atexit.o)
 .ARM.attributes
                0x000000000000030e       0x2d /usr/lib/gcc/arm-none-eabi/9.2.1/thumb/v7-m/nofp/crtend.o
 .ARM.attributes
                0x000000000000033b       0x1d /usr/lib/gcc/arm-none-eabi/9.2.1/thumb/v7-m/nofp/crtn.o
OUTPUT(untitled.elf elf32-littlearm)
LOAD linker stubs
LOAD /usr/lib/gcc/arm-none-eabi/9.2.1/../../../arm-none-eabi/lib/thumb/v7-m/nofp/libc.a
LOAD /usr/lib/gcc/arm-none-eabi/9.2.1/../../../arm-none-eabi/lib/thumb/v7-m/nofp/libm.a
LOAD /usr/lib/gcc/arm-none-eabi/9.2.1/thumb/v7-m/nofp/libgcc.a

.comment        0x0000000000000000       0xa7
 .comment       0x0000000000000000       0x59 /usr/lib/gcc/arm-none-eabi/9.2.1/thumb/v7-m/nofp/crtbegin.o
                                         0x5a (size before relaxing)
 .comment       0x0000000000000059       0x5a CMakeFiles/untitled.elf.dir/Core/Src/main.c.obj
 .comment       0x0000000000000059       0x5a CMakeFiles/untitled.elf.dir/Core/Src/stm32f1xx_hal_msp.c.obj
 .comment       0x0000000000000059       0x5a CMakeFiles/untitled.elf.dir/Core/Src/stm32f1xx_it.c.obj
 .comment       0x0000000000000059       0x5a CMakeFiles/untitled.elf.dir/Core/Src/system_stm32f1xx.c.obj
 .comment       0x0000000000000059       0x5a CMakeFiles/untitled.elf.dir/Drivers/STM32F1xx_HAL_Driver/Src/stm32f1xx_hal.c.obj
 .comment       0x0000000000000059       0x5a CMakeFiles/untitled.elf.dir/Drivers/STM32F1xx_HAL_Driver/Src/stm32f1xx_hal_cortex.c.obj
 .comment       0x0000000000000059       0x5a CMakeFiles/untitled.elf.dir/Drivers/STM32F1xx_HAL_Driver/Src/stm32f1xx_hal_gpio.c.obj
 .comment       0x0000000000000059       0x5a CMakeFiles/untitled.elf.dir/Drivers/STM32F1xx_HAL_Driver/Src/stm32f1xx_hal_rcc.c.obj
 .comment       0x0000000000000059       0x5a CMakeFiles/untitled.elf.dir/Drivers/STM32F1xx_HAL_Driver/Src/stm32f1xx_hal_uart.c.obj
 .comment       0x0000000000000059       0x4e /usr/lib/gcc/arm-none-eabi/9.2.1/../../../arm-none-eabi/lib/thumb/v7-m/nofp/libg.a(lib_a-atexit.o)
                                         0x4f (size before relaxing)
 .comment       0x00000000000000a7       0x4f /usr/lib/gcc/arm-none-eabi/9.2.1/../../../arm-none-eabi/lib/thumb/v7-m/nofp/libg.a(lib_a-fini.o)
 .comment       0x00000000000000a7       0x4f /usr/lib/gcc/arm-none-eabi/9.2.1/../../../arm-none-eabi/lib/thumb/v7-m/nofp/libg.a(lib_a-impure.o)
 .comment       0x00000000000000a7       0x4f /usr/lib/gcc/arm-none-eabi/9.2.1/../../../arm-none-eabi/lib/thumb/v7-m/nofp/libg.a(lib_a-init.o)
 .comment       0x00000000000000a7       0x4f /usr/lib/gcc/arm-none-eabi/9.2.1/../../../arm-none-eabi/lib/thumb/v7-m/nofp/libg.a(lib_a-__atexit.o)
 .comment       0x00000000000000a7       0x4f /usr/lib/gcc/arm-none-eabi/9.2.1/../../../arm-none-eabi/lib/thumb/v7-m/nofp/libg.a(lib_a-__call_atexit.o)
 .comment       0x00000000000000a7       0x5a /usr/lib/gcc/arm-none-eabi/9.2.1/thumb/v7-m/nofp/crtend.o

.debug_info     0x0000000000000000     0x849d
 .debug_info    0x0000000000000000      0xcd8 CMakeFiles/untitled.elf.dir/Core/Src/main.c.obj
 .debug_info    0x0000000000000cd8      0x8e5 CMakeFiles/untitled.elf.dir/Core/Src/stm32f1xx_hal_msp.c.obj
 .debug_info    0x00000000000015bd      0x255 CMakeFiles/untitled.elf.dir/Core/Src/stm32f1xx_it.c.obj
 .debug_info    0x0000000000001812      0x2a5 CMakeFiles/untitled.elf.dir/Core/Src/system_stm32f1xx.c.obj
 .debug_info    0x0000000000001ab7       0x22 CMakeFiles/untitled.elf.dir/Core/Startup/startup_stm32f103rbtx.s.obj
 .debug_info    0x0000000000001ad9      0x80d CMakeFiles/untitled.elf.dir/Drivers/STM32F1xx_HAL_Driver/Src/stm32f1xx_hal.c.obj
 .debug_info    0x00000000000022e6      0xe22 CMakeFiles/untitled.elf.dir/Drivers/STM32F1xx_HAL_Driver/Src/stm32f1xx_hal_cortex.c.obj
 .debug_info    0x0000000000003108      0x72b CMakeFiles/untitled.elf.dir/Drivers/STM32F1xx_HAL_Driver/Src/stm32f1xx_hal_gpio.c.obj
 .debug_info    0x0000000000003833      0xa7b CMakeFiles/untitled.elf.dir/Drivers/STM32F1xx_HAL_Driver/Src/stm32f1xx_hal_rcc.c.obj
 .debug_info    0x00000000000042ae     0x18e9 CMakeFiles/untitled.elf.dir/Drivers/STM32F1xx_HAL_Driver/Src/stm32f1xx_hal_uart.c.obj
 .debug_info    0x0000000000005b97      0x995 /usr/lib/gcc/arm-none-eabi/9.2.1/../../../arm-none-eabi/lib/thumb/v7-m/nofp/libg.a(lib_a-atexit.o)
 .debug_info    0x000000000000652c      0x102 /usr/lib/gcc/arm-none-eabi/9.2.1/../../../arm-none-eabi/lib/thumb/v7-m/nofp/libg.a(lib_a-fini.o)
 .debug_info    0x000000000000662e      0x92a /usr/lib/gcc/arm-none-eabi/9.2.1/../../../arm-none-eabi/lib/thumb/v7-m/nofp/libg.a(lib_a-impure.o)
 .debug_info    0x0000000000006f58      0x11a /usr/lib/gcc/arm-none-eabi/9.2.1/../../../arm-none-eabi/lib/thumb/v7-m/nofp/libg.a(lib_a-init.o)
 .debug_info    0x0000000000007072      0x9d5 /usr/lib/gcc/arm-none-eabi/9.2.1/../../../arm-none-eabi/lib/thumb/v7-m/nofp/libg.a(lib_a-__atexit.o)
 .debug_info    0x0000000000007a47      0xa56 /usr/lib/gcc/arm-none-eabi/9.2.1/../../../arm-none-eabi/lib/thumb/v7-m/nofp/libg.a(lib_a-__call_atexit.o)

.debug_abbrev   0x0000000000000000     0x1dd4
 .debug_abbrev  0x0000000000000000      0x24c CMakeFiles/untitled.elf.dir/Core/Src/main.c.obj
 .debug_abbrev  0x000000000000024c      0x1d0 CMakeFiles/untitled.elf.dir/Core/Src/stm32f1xx_hal_msp.c.obj
 .debug_abbrev  0x000000000000041c      0x119 CMakeFiles/untitled.elf.dir/Core/Src/stm32f1xx_it.c.obj
 .debug_abbrev  0x0000000000000535      0x151 CMakeFiles/untitled.elf.dir/Core/Src/system_stm32f1xx.c.obj
 .debug_abbrev  0x0000000000000686       0x12 CMakeFiles/untitled.elf.dir/Core/Startup/startup_stm32f103rbtx.s.obj
 .debug_abbrev  0x0000000000000698      0x219 CMakeFiles/untitled.elf.dir/Drivers/STM32F1xx_HAL_Driver/Src/stm32f1xx_hal.c.obj
 .debug_abbrev  0x00000000000008b1      0x367 CMakeFiles/untitled.elf.dir/Drivers/STM32F1xx_HAL_Driver/Src/stm32f1xx_hal_cortex.c.obj
 .debug_abbrev  0x0000000000000c18      0x213 CMakeFiles/untitled.elf.dir/Drivers/STM32F1xx_HAL_Driver/Src/stm32f1xx_hal_gpio.c.obj
 .debug_abbrev  0x0000000000000e2b      0x28d CMakeFiles/untitled.elf.dir/Drivers/STM32F1xx_HAL_Driver/Src/stm32f1xx_hal_rcc.c.obj
 .debug_abbrev  0x00000000000010b8      0x293 CMakeFiles/untitled.elf.dir/Drivers/STM32F1xx_HAL_Driver/Src/stm32f1xx_hal_uart.c.obj
 .debug_abbrev  0x000000000000134b      0x232 /usr/lib/gcc/arm-none-eabi/9.2.1/../../../arm-none-eabi/lib/thumb/v7-m/nofp/libg.a(lib_a-atexit.o)
 .debug_abbrev  0x000000000000157d       0xcf /usr/lib/gcc/arm-none-eabi/9.2.1/../../../arm-none-eabi/lib/thumb/v7-m/nofp/libg.a(lib_a-fini.o)
 .debug_abbrev  0x000000000000164c      0x1b8 /usr/lib/gcc/arm-none-eabi/9.2.1/../../../arm-none-eabi/lib/thumb/v7-m/nofp/libg.a(lib_a-impure.o)
 .debug_abbrev  0x0000000000001804       0xcc /usr/lib/gcc/arm-none-eabi/9.2.1/../../../arm-none-eabi/lib/thumb/v7-m/nofp/libg.a(lib_a-init.o)
 .debug_abbrev  0x00000000000018d0      0x252 /usr/lib/gcc/arm-none-eabi/9.2.1/../../../arm-none-eabi/lib/thumb/v7-m/nofp/libg.a(lib_a-__atexit.o)
 .debug_abbrev  0x0000000000001b22      0x2b2 /usr/lib/gcc/arm-none-eabi/9.2.1/../../../arm-none-eabi/lib/thumb/v7-m/nofp/libg.a(lib_a-__call_atexit.o)

.debug_loc      0x0000000000000000     0x31cf
 .debug_loc     0x0000000000000000       0x38 CMakeFiles/untitled.elf.dir/Core/Src/main.c.obj
 .debug_loc     0x0000000000000038       0x99 CMakeFiles/untitled.elf.dir/Core/Src/stm32f1xx_hal_msp.c.obj
 .debug_loc     0x00000000000000d1       0xff CMakeFiles/untitled.elf.dir/Core/Src/system_stm32f1xx.c.obj
 .debug_loc     0x00000000000001d0      0x141 CMakeFiles/untitled.elf.dir/Drivers/STM32F1xx_HAL_Driver/Src/stm32f1xx_hal.c.obj
 .debug_loc     0x0000000000000311      0x71f CMakeFiles/untitled.elf.dir/Drivers/STM32F1xx_HAL_Driver/Src/stm32f1xx_hal_cortex.c.obj
 .debug_loc     0x0000000000000a30      0x468 CMakeFiles/untitled.elf.dir/Drivers/STM32F1xx_HAL_Driver/Src/stm32f1xx_hal_gpio.c.obj
 .debug_loc     0x0000000000000e98      0x610 CMakeFiles/untitled.elf.dir/Drivers/STM32F1xx_HAL_Driver/Src/stm32f1xx_hal_rcc.c.obj
 .debug_loc     0x00000000000014a8     0x1951 CMakeFiles/untitled.elf.dir/Drivers/STM32F1xx_HAL_Driver/Src/stm32f1xx_hal_uart.c.obj
 .debug_loc     0x0000000000002df9       0x32 /usr/lib/gcc/arm-none-eabi/9.2.1/../../../arm-none-eabi/lib/thumb/v7-m/nofp/libg.a(lib_a-atexit.o)
 .debug_loc     0x0000000000002e2b       0x68 /usr/lib/gcc/arm-none-eabi/9.2.1/../../../arm-none-eabi/lib/thumb/v7-m/nofp/libg.a(lib_a-fini.o)
 .debug_loc     0x0000000000002e93       0xba /usr/lib/gcc/arm-none-eabi/9.2.1/../../../arm-none-eabi/lib/thumb/v7-m/nofp/libg.a(lib_a-init.o)
 .debug_loc     0x0000000000002f4d      0x138 /usr/lib/gcc/arm-none-eabi/9.2.1/../../../arm-none-eabi/lib/thumb/v7-m/nofp/libg.a(lib_a-__atexit.o)
 .debug_loc     0x0000000000003085      0x14a /usr/lib/gcc/arm-none-eabi/9.2.1/../../../arm-none-eabi/lib/thumb/v7-m/nofp/libg.a(lib_a-__call_atexit.o)

.debug_aranges  0x0000000000000000      0x610
 .debug_aranges
                0x0000000000000000       0x40 CMakeFiles/untitled.elf.dir/Core/Src/main.c.obj
 .debug_aranges
                0x0000000000000040       0x30 CMakeFiles/untitled.elf.dir/Core/Src/stm32f1xx_hal_msp.c.obj
 .debug_aranges
                0x0000000000000070       0x68 CMakeFiles/untitled.elf.dir/Core/Src/stm32f1xx_it.c.obj
 .debug_aranges
                0x00000000000000d8       0x28 CMakeFiles/untitled.elf.dir/Core/Src/system_stm32f1xx.c.obj
 .debug_aranges
                0x0000000000000100       0x28 CMakeFiles/untitled.elf.dir/Core/Startup/startup_stm32f103rbtx.s.obj
 .debug_aranges
                0x0000000000000128       0xe0 CMakeFiles/untitled.elf.dir/Drivers/STM32F1xx_HAL_Driver/Src/stm32f1xx_hal.c.obj
 .debug_aranges
                0x0000000000000208       0x90 CMakeFiles/untitled.elf.dir/Drivers/STM32F1xx_HAL_Driver/Src/stm32f1xx_hal_cortex.c.obj
 .debug_aranges
                0x0000000000000298       0x58 CMakeFiles/untitled.elf.dir/Drivers/STM32F1xx_HAL_Driver/Src/stm32f1xx_hal_gpio.c.obj
 .debug_aranges
                0x00000000000002f0       0x90 CMakeFiles/untitled.elf.dir/Drivers/STM32F1xx_HAL_Driver/Src/stm32f1xx_hal_rcc.c.obj
 .debug_aranges
                0x0000000000000380      0x1d0 CMakeFiles/untitled.elf.dir/Drivers/STM32F1xx_HAL_Driver/Src/stm32f1xx_hal_uart.c.obj
 .debug_aranges
                0x0000000000000550       0x20 /usr/lib/gcc/arm-none-eabi/9.2.1/../../../arm-none-eabi/lib/thumb/v7-m/nofp/libg.a(lib_a-atexit.o)
 .debug_aranges
                0x0000000000000570       0x20 /usr/lib/gcc/arm-none-eabi/9.2.1/../../../arm-none-eabi/lib/thumb/v7-m/nofp/libg.a(lib_a-fini.o)
 .debug_aranges
                0x0000000000000590       0x18 /usr/lib/gcc/arm-none-eabi/9.2.1/../../../arm-none-eabi/lib/thumb/v7-m/nofp/libg.a(lib_a-impure.o)
 .debug_aranges
                0x00000000000005a8       0x20 /usr/lib/gcc/arm-none-eabi/9.2.1/../../../arm-none-eabi/lib/thumb/v7-m/nofp/libg.a(lib_a-init.o)
 .debug_aranges
                0x00000000000005c8       0x20 /usr/lib/gcc/arm-none-eabi/9.2.1/../../../arm-none-eabi/lib/thumb/v7-m/nofp/libg.a(lib_a-__atexit.o)
 .debug_aranges
                0x00000000000005e8       0x28 /usr/lib/gcc/arm-none-eabi/9.2.1/../../../arm-none-eabi/lib/thumb/v7-m/nofp/libg.a(lib_a-__call_atexit.o)

.debug_ranges   0x0000000000000000      0x570
 .debug_ranges  0x0000000000000000       0x30 CMakeFiles/untitled.elf.dir/Core/Src/main.c.obj
 .debug_ranges  0x0000000000000030       0x20 CMakeFiles/untitled.elf.dir/Core/Src/stm32f1xx_hal_msp.c.obj
 .debug_ranges  0x0000000000000050       0x58 CMakeFiles/untitled.elf.dir/Core/Src/stm32f1xx_it.c.obj
 .debug_ranges  0x00000000000000a8       0x18 CMakeFiles/untitled.elf.dir/Core/Src/system_stm32f1xx.c.obj
 .debug_ranges  0x00000000000000c0       0x20 CMakeFiles/untitled.elf.dir/Core/Startup/startup_stm32f103rbtx.s.obj
 .debug_ranges  0x00000000000000e0       0xd0 CMakeFiles/untitled.elf.dir/Drivers/STM32F1xx_HAL_Driver/Src/stm32f1xx_hal.c.obj
 .debug_ranges  0x00000000000001b0       0xe0 CMakeFiles/untitled.elf.dir/Drivers/STM32F1xx_HAL_Driver/Src/stm32f1xx_hal_cortex.c.obj
 .debug_ranges  0x0000000000000290       0x48 CMakeFiles/untitled.elf.dir/Drivers/STM32F1xx_HAL_Driver/Src/stm32f1xx_hal_gpio.c.obj
 .debug_ranges  0x00000000000002d8       0xa0 CMakeFiles/untitled.elf.dir/Drivers/STM32F1xx_HAL_Driver/Src/stm32f1xx_hal_rcc.c.obj
 .debug_ranges  0x0000000000000378      0x1c0 CMakeFiles/untitled.elf.dir/Drivers/STM32F1xx_HAL_Driver/Src/stm32f1xx_hal_uart.c.obj
 .debug_ranges  0x0000000000000538       0x38 /usr/lib/gcc/arm-none-eabi/9.2.1/../../../arm-none-eabi/lib/thumb/v7-m/nofp/libg.a(lib_a-__call_atexit.o)

.debug_line     0x0000000000000000     0x4fd2
 .debug_line    0x0000000000000000      0x456 CMakeFiles/untitled.elf.dir/Core/Src/main.c.obj
 .debug_line    0x0000000000000456      0x2da CMakeFiles/untitled.elf.dir/Core/Src/stm32f1xx_hal_msp.c.obj
 .debug_line    0x0000000000000730      0x2db CMakeFiles/untitled.elf.dir/Core/Src/stm32f1xx_it.c.obj
 .debug_line    0x0000000000000a0b      0x2a4 CMakeFiles/untitled.elf.dir/Core/Src/system_stm32f1xx.c.obj
 .debug_line    0x0000000000000caf       0xac CMakeFiles/untitled.elf.dir/Core/Startup/startup_stm32f103rbtx.s.obj
 .debug_line    0x0000000000000d5b      0x534 CMakeFiles/untitled.elf.dir/Drivers/STM32F1xx_HAL_Driver/Src/stm32f1xx_hal.c.obj
 .debug_line    0x000000000000128f      0x68a CMakeFiles/untitled.elf.dir/Drivers/STM32F1xx_HAL_Driver/Src/stm32f1xx_hal_cortex.c.obj
 .debug_line    0x0000000000001919      0x636 CMakeFiles/untitled.elf.dir/Drivers/STM32F1xx_HAL_Driver/Src/stm32f1xx_hal_gpio.c.obj
 .debug_line    0x0000000000001f4f      0xc51 CMakeFiles/untitled.elf.dir/Drivers/STM32F1xx_HAL_Driver/Src/stm32f1xx_hal_rcc.c.obj
 .debug_line    0x0000000000002ba0     0x1bf6 CMakeFiles/untitled.elf.dir/Drivers/STM32F1xx_HAL_Driver/Src/stm32f1xx_hal_uart.c.obj
 .debug_line    0x0000000000004796      0x14a /usr/lib/gcc/arm-none-eabi/9.2.1/../../../arm-none-eabi/lib/thumb/v7-m/nofp/libg.a(lib_a-atexit.o)
 .debug_line    0x00000000000048e0       0xd7 /usr/lib/gcc/arm-none-eabi/9.2.1/../../../arm-none-eabi/lib/thumb/v7-m/nofp/libg.a(lib_a-fini.o)
 .debug_line    0x00000000000049b7       0xe3 /usr/lib/gcc/arm-none-eabi/9.2.1/../../../arm-none-eabi/lib/thumb/v7-m/nofp/libg.a(lib_a-impure.o)
 .debug_line    0x0000000000004a9a      0x114 /usr/lib/gcc/arm-none-eabi/9.2.1/../../../arm-none-eabi/lib/thumb/v7-m/nofp/libg.a(lib_a-init.o)
 .debug_line    0x0000000000004bae      0x1e7 /usr/lib/gcc/arm-none-eabi/9.2.1/../../../arm-none-eabi/lib/thumb/v7-m/nofp/libg.a(lib_a-__atexit.o)
 .debug_line    0x0000000000004d95      0x23d /usr/lib/gcc/arm-none-eabi/9.2.1/../../../arm-none-eabi/lib/thumb/v7-m/nofp/libg.a(lib_a-__call_atexit.o)

.debug_str      0x0000000000000000     0x253a
 .debug_str     0x0000000000000000      0xb77 CMakeFiles/untitled.elf.dir/Core/Src/main.c.obj
                                        0xbf1 (size before relaxing)
 .debug_str     0x0000000000000b77       0xbc CMakeFiles/untitled.elf.dir/Core/Src/stm32f1xx_hal_msp.c.obj
                                        0x769 (size before relaxing)
 .debug_str     0x0000000000000c33      0x10d CMakeFiles/untitled.elf.dir/Core/Src/stm32f1xx_it.c.obj
                                        0x39c (size before relaxing)
 .debug_str     0x0000000000000d40       0x7a CMakeFiles/untitled.elf.dir/Core/Src/system_stm32f1xx.c.obj
                                        0x345 (size before relaxing)
 .debug_str     0x0000000000000dba       0x5c CMakeFiles/untitled.elf.dir/Core/Startup/startup_stm32f103rbtx.s.obj
                                         0x99 (size before relaxing)
 .debug_str     0x0000000000000e16      0x2ab CMakeFiles/untitled.elf.dir/Drivers/STM32F1xx_HAL_Driver/Src/stm32f1xx_hal.c.obj
                                        0x8c2 (size before relaxing)
 .debug_str     0x00000000000010c1      0x3d0 CMakeFiles/untitled.elf.dir/Drivers/STM32F1xx_HAL_Driver/Src/stm32f1xx_hal_cortex.c.obj
                                        0x9de (size before relaxing)
 .debug_str     0x0000000000001491      0x116 CMakeFiles/untitled.elf.dir/Drivers/STM32F1xx_HAL_Driver/Src/stm32f1xx_hal_gpio.c.obj
                                        0x524 (size before relaxing)
 .debug_str     0x00000000000015a7      0x21c CMakeFiles/untitled.elf.dir/Drivers/STM32F1xx_HAL_Driver/Src/stm32f1xx_hal_rcc.c.obj
                                        0x706 (size before relaxing)
 .debug_str     0x00000000000017c3      0x599 CMakeFiles/untitled.elf.dir/Drivers/STM32F1xx_HAL_Driver/Src/stm32f1xx_hal_uart.c.obj
                                        0xcb4 (size before relaxing)
 .debug_str     0x0000000000001d5c      0x520 /usr/lib/gcc/arm-none-eabi/9.2.1/../../../arm-none-eabi/lib/thumb/v7-m/nofp/libg.a(lib_a-atexit.o)
                                        0x5e3 (size before relaxing)
 .debug_str     0x000000000000227c       0xc4 /usr/lib/gcc/arm-none-eabi/9.2.1/../../../arm-none-eabi/lib/thumb/v7-m/nofp/libg.a(lib_a-fini.o)
                                        0x1f2 (size before relaxing)
 .debug_str     0x0000000000002340       0x97 /usr/lib/gcc/arm-none-eabi/9.2.1/../../../arm-none-eabi/lib/thumb/v7-m/nofp/libg.a(lib_a-impure.o)
                                        0x598 (size before relaxing)
 .debug_str     0x00000000000023d7       0x96 /usr/lib/gcc/arm-none-eabi/9.2.1/../../../arm-none-eabi/lib/thumb/v7-m/nofp/libg.a(lib_a-init.o)
                                        0x21c (size before relaxing)
 .debug_str     0x000000000000246d       0x54 /usr/lib/gcc/arm-none-eabi/9.2.1/../../../arm-none-eabi/lib/thumb/v7-m/nofp/libg.a(lib_a-__atexit.o)
                                        0x601 (size before relaxing)
 .debug_str     0x00000000000024c1       0x79 /usr/lib/gcc/arm-none-eabi/9.2.1/../../../arm-none-eabi/lib/thumb/v7-m/nofp/libg.a(lib_a-__call_atexit.o)
                                        0x614 (size before relaxing)

.debug_frame    0x0000000000000000      0xd40
 .debug_frame   0x0000000000000000       0x90 CMakeFiles/untitled.elf.dir/Core/Src/main.c.obj
 .debug_frame   0x0000000000000090       0x60 CMakeFiles/untitled.elf.dir/Core/Src/stm32f1xx_hal_msp.c.obj
 .debug_frame   0x00000000000000f0       0xc0 CMakeFiles/untitled.elf.dir/Core/Src/stm32f1xx_it.c.obj
 .debug_frame   0x00000000000001b0       0x30 CMakeFiles/untitled.elf.dir/Core/Src/system_stm32f1xx.c.obj
 .debug_frame   0x00000000000001e0      0x1cc CMakeFiles/untitled.elf.dir/Drivers/STM32F1xx_HAL_Driver/Src/stm32f1xx_hal.c.obj
 .debug_frame   0x00000000000003ac      0x12c CMakeFiles/untitled.elf.dir/Drivers/STM32F1xx_HAL_Driver/Src/stm32f1xx_hal_cortex.c.obj
 .debug_frame   0x00000000000004d8       0xe8 CMakeFiles/untitled.elf.dir/Drivers/STM32F1xx_HAL_Driver/Src/stm32f1xx_hal_gpio.c.obj
 .debug_frame   0x00000000000005c0      0x190 CMakeFiles/untitled.elf.dir/Drivers/STM32F1xx_HAL_Driver/Src/stm32f1xx_hal_rcc.c.obj
 .debug_frame   0x0000000000000750      0x4e8 CMakeFiles/untitled.elf.dir/Drivers/STM32F1xx_HAL_Driver/Src/stm32f1xx_hal_uart.c.obj
 .debug_frame   0x0000000000000c38       0x20 /usr/lib/gcc/arm-none-eabi/9.2.1/../../../arm-none-eabi/lib/thumb/v7-m/nofp/libg.a(lib_a-atexit.o)
 .debug_frame   0x0000000000000c58       0x34 /usr/lib/gcc/arm-none-eabi/9.2.1/../../../arm-none-eabi/lib/thumb/v7-m/nofp/libg.a(lib_a-fini.o)
 .debug_frame   0x0000000000000c8c       0x2c /usr/lib/gcc/arm-none-eabi/9.2.1/../../../arm-none-eabi/lib/thumb/v7-m/nofp/libg.a(lib_a-init.o)
 .debug_frame   0x0000000000000cb8       0x38 /usr/lib/gcc/arm-none-eabi/9.2.1/../../../arm-none-eabi/lib/thumb/v7-m/nofp/libg.a(lib_a-__atexit.o)
 .debug_frame   0x0000000000000cf0       0x50 /usr/lib/gcc/arm-none-eabi/9.2.1/../../../arm-none-eabi/lib/thumb/v7-m/nofp/libg.a(lib_a-__call_atexit.o)
