Archive member included to satisfy reference by file (symbol)

c:/gnuarm~1/92020-~1/bin/../lib/gcc/arm-none-eabi/9.3.1/../../../../arm-none-eabi/lib/thumb/v7-m/nofp\libg.a(lib_a-errno.o)
                              CMakeFiles/untitled.elf.dir/Core/Src/syscalls.c.obj (__errno)
c:/gnuarm~1/92020-~1/bin/../lib/gcc/arm-none-eabi/9.3.1/../../../../arm-none-eabi/lib/thumb/v7-m/nofp\libg.a(lib_a-exit.o)
                              c:/gnuarm~1/92020-~1/bin/../lib/gcc/arm-none-eabi/9.3.1/../../../../arm-none-eabi/lib/thumb/v7-m/nofp/crt0.o (exit)
c:/gnuarm~1/92020-~1/bin/../lib/gcc/arm-none-eabi/9.3.1/../../../../arm-none-eabi/lib/thumb/v7-m/nofp\libg.a(lib_a-impure.o)
                              c:/gnuarm~1/92020-~1/bin/../lib/gcc/arm-none-eabi/9.3.1/../../../../arm-none-eabi/lib/thumb/v7-m/nofp\libg.a(lib_a-exit.o) (_global_impure_ptr)
c:/gnuarm~1/92020-~1/bin/../lib/gcc/arm-none-eabi/9.3.1/../../../../arm-none-eabi/lib/thumb/v7-m/nofp\libg.a(lib_a-init.o)
                              c:/gnuarm~1/92020-~1/bin/../lib/gcc/arm-none-eabi/9.3.1/../../../../arm-none-eabi/lib/thumb/v7-m/nofp/crt0.o (__libc_init_array)
c:/gnuarm~1/92020-~1/bin/../lib/gcc/arm-none-eabi/9.3.1/../../../../arm-none-eabi/lib/thumb/v7-m/nofp\libg.a(lib_a-memset.o)
                              c:/gnuarm~1/92020-~1/bin/../lib/gcc/arm-none-eabi/9.3.1/../../../../arm-none-eabi/lib/thumb/v7-m/nofp/crt0.o (memset)
c:/gnuarm~1/92020-~1/bin/../lib/gcc/arm-none-eabi/9.3.1/../../../../arm-none-eabi/lib/thumb/v7-m/nofp\libg.a(lib_a-__call_atexit.o)
                              c:/gnuarm~1/92020-~1/bin/../lib/gcc/arm-none-eabi/9.3.1/../../../../arm-none-eabi/lib/thumb/v7-m/nofp\libg.a(lib_a-exit.o) (__call_exitprocs)
c:/gnuarm~1/92020-~1/bin/../lib/gcc/arm-none-eabi/9.3.1/../../../../arm-none-eabi/lib/thumb/v7-m/nofp\libg.a(lib_a-atexit.o)
                              c:/gnuarm~1/92020-~1/bin/../lib/gcc/arm-none-eabi/9.3.1/../../../../arm-none-eabi/lib/thumb/v7-m/nofp\libg.a(lib_a-__call_atexit.o) (atexit)
c:/gnuarm~1/92020-~1/bin/../lib/gcc/arm-none-eabi/9.3.1/../../../../arm-none-eabi/lib/thumb/v7-m/nofp\libg.a(lib_a-fini.o)
                              c:/gnuarm~1/92020-~1/bin/../lib/gcc/arm-none-eabi/9.3.1/../../../../arm-none-eabi/lib/thumb/v7-m/nofp\libg.a(lib_a-__call_atexit.o) (__libc_fini_array)
c:/gnuarm~1/92020-~1/bin/../lib/gcc/arm-none-eabi/9.3.1/../../../../arm-none-eabi/lib/thumb/v7-m/nofp\libg.a(lib_a-lock.o)
                              c:/gnuarm~1/92020-~1/bin/../lib/gcc/arm-none-eabi/9.3.1/../../../../arm-none-eabi/lib/thumb/v7-m/nofp\libg.a(lib_a-__call_atexit.o) (__retarget_lock_acquire_recursive)
c:/gnuarm~1/92020-~1/bin/../lib/gcc/arm-none-eabi/9.3.1/../../../../arm-none-eabi/lib/thumb/v7-m/nofp\libg.a(lib_a-__atexit.o)
                              c:/gnuarm~1/92020-~1/bin/../lib/gcc/arm-none-eabi/9.3.1/../../../../arm-none-eabi/lib/thumb/v7-m/nofp\libg.a(lib_a-atexit.o) (__register_exitproc)

Allocating common symbols
Common symbol       size              file

__lock___atexit_recursive_mutex
                    0x1               c:/gnuarm~1/92020-~1/bin/../lib/gcc/arm-none-eabi/9.3.1/../../../../arm-none-eabi/lib/thumb/v7-m/nofp\libg.a(lib_a-lock.o)
__lock___arc4random_mutex
                    0x1               c:/gnuarm~1/92020-~1/bin/../lib/gcc/arm-none-eabi/9.3.1/../../../../arm-none-eabi/lib/thumb/v7-m/nofp\libg.a(lib_a-lock.o)
__lock___env_recursive_mutex
                    0x1               c:/gnuarm~1/92020-~1/bin/../lib/gcc/arm-none-eabi/9.3.1/../../../../arm-none-eabi/lib/thumb/v7-m/nofp\libg.a(lib_a-lock.o)
__lock___sinit_recursive_mutex
                    0x1               c:/gnuarm~1/92020-~1/bin/../lib/gcc/arm-none-eabi/9.3.1/../../../../arm-none-eabi/lib/thumb/v7-m/nofp\libg.a(lib_a-lock.o)
__lock___malloc_recursive_mutex
                    0x1               c:/gnuarm~1/92020-~1/bin/../lib/gcc/arm-none-eabi/9.3.1/../../../../arm-none-eabi/lib/thumb/v7-m/nofp\libg.a(lib_a-lock.o)
__lock___at_quick_exit_mutex
                    0x1               c:/gnuarm~1/92020-~1/bin/../lib/gcc/arm-none-eabi/9.3.1/../../../../arm-none-eabi/lib/thumb/v7-m/nofp\libg.a(lib_a-lock.o)
__lock___dd_hash_mutex
                    0x1               c:/gnuarm~1/92020-~1/bin/../lib/gcc/arm-none-eabi/9.3.1/../../../../arm-none-eabi/lib/thumb/v7-m/nofp\libg.a(lib_a-lock.o)
__lock___tz_mutex   0x1               c:/gnuarm~1/92020-~1/bin/../lib/gcc/arm-none-eabi/9.3.1/../../../../arm-none-eabi/lib/thumb/v7-m/nofp\libg.a(lib_a-lock.o)
__lock___sfp_recursive_mutex
                    0x1               c:/gnuarm~1/92020-~1/bin/../lib/gcc/arm-none-eabi/9.3.1/../../../../arm-none-eabi/lib/thumb/v7-m/nofp\libg.a(lib_a-lock.o)

Discarded input sections

 .text          0x00000000        0x0 c:/gnuarm~1/92020-~1/bin/../lib/gcc/arm-none-eabi/9.3.1/thumb/v7-m/nofp/crti.o
 .data          0x00000000        0x0 c:/gnuarm~1/92020-~1/bin/../lib/gcc/arm-none-eabi/9.3.1/thumb/v7-m/nofp/crti.o
[...]
Memory Configuration

Name             Origin             Length             Attributes
RAM              0x20000000         0x00005000         xrw
FLASH            0x08000000         0x00020000         xr
*default*        0x00000000         0xffffffff

Linker script and memory map

LOAD c:/gnuarm~1/92020-~1/bin/../lib/gcc/arm-none-eabi/9.3.1/thumb/v7-m/nofp/crti.o
LOAD c:/gnuarm~1/92020-~1/bin/../lib/gcc/arm-none-eabi/9.3.1/thumb/v7-m/nofp/crtbegin.o
LOAD c:/gnuarm~1/92020-~1/bin/../lib/gcc/arm-none-eabi/9.3.1/../../../../arm-none-eabi/lib/thumb/v7-m/nofp/crt0.o
LOAD CMakeFiles/untitled.elf.dir/Core/Src/main.c.obj
LOAD CMakeFiles/untitled.elf.dir/Core/Src/stm32f1xx_hal_msp.c.obj
LOAD CMakeFiles/untitled.elf.dir/Core/Src/stm32f1xx_it.c.obj
LOAD CMakeFiles/untitled.elf.dir/Core/Src/syscalls.c.obj
LOAD CMakeFiles/untitled.elf.dir/Core/Src/sysmem.c.obj
LOAD CMakeFiles/untitled.elf.dir/Core/Src/system_stm32f1xx.c.obj
LOAD CMakeFiles/untitled.elf.dir/Core/Startup/startup_stm32f103rbtx.s.obj
LOAD CMakeFiles/untitled.elf.dir/Drivers/STM32F1xx_HAL_Driver/Src/stm32f1xx_hal.c.obj
LOAD CMakeFiles/untitled.elf.dir/Drivers/STM32F1xx_HAL_Driver/Src/stm32f1xx_hal_cortex.c.obj
LOAD CMakeFiles/untitled.elf.dir/Drivers/STM32F1xx_HAL_Driver/Src/stm32f1xx_hal_dma.c.obj
LOAD CMakeFiles/untitled.elf.dir/Drivers/STM32F1xx_HAL_Driver/Src/stm32f1xx_hal_exti.c.obj
LOAD CMakeFiles/untitled.elf.dir/Drivers/STM32F1xx_HAL_Driver/Src/stm32f1xx_hal_flash.c.obj
LOAD CMakeFiles/untitled.elf.dir/Drivers/STM32F1xx_HAL_Driver/Src/stm32f1xx_hal_flash_ex.c.obj
LOAD CMakeFiles/untitled.elf.dir/Drivers/STM32F1xx_HAL_Driver/Src/stm32f1xx_hal_gpio.c.obj
LOAD CMakeFiles/untitled.elf.dir/Drivers/STM32F1xx_HAL_Driver/Src/stm32f1xx_hal_gpio_ex.c.obj
LOAD CMakeFiles/untitled.elf.dir/Drivers/STM32F1xx_HAL_Driver/Src/stm32f1xx_hal_pwr.c.obj
LOAD CMakeFiles/untitled.elf.dir/Drivers/STM32F1xx_HAL_Driver/Src/stm32f1xx_hal_rcc.c.obj
LOAD CMakeFiles/untitled.elf.dir/Drivers/STM32F1xx_HAL_Driver/Src/stm32f1xx_hal_rcc_ex.c.obj
LOAD CMakeFiles/untitled.elf.dir/Drivers/STM32F1xx_HAL_Driver/Src/stm32f1xx_hal_tim.c.obj
LOAD CMakeFiles/untitled.elf.dir/Drivers/STM32F1xx_HAL_Driver/Src/stm32f1xx_hal_tim_ex.c.obj
LOAD CMakeFiles/untitled.elf.dir/Drivers/STM32F1xx_HAL_Driver/Src/stm32f1xx_hal_uart.c.obj
START GROUP
LOAD c:/gnuarm~1/92020-~1/bin/../lib/gcc/arm-none-eabi/9.3.1/thumb/v7-m/nofp\libgcc.a
LOAD c:/gnuarm~1/92020-~1/bin/../lib/gcc/arm-none-eabi/9.3.1/../../../../arm-none-eabi/lib/thumb/v7-m/nofp\libg.a
LOAD c:/gnuarm~1/92020-~1/bin/../lib/gcc/arm-none-eabi/9.3.1/../../../../arm-none-eabi/lib/thumb/v7-m/nofp\libc.a
END GROUP
LOAD c:/gnuarm~1/92020-~1/bin/../lib/gcc/arm-none-eabi/9.3.1/thumb/v7-m/nofp/crtend.o
LOAD c:/gnuarm~1/92020-~1/bin/../lib/gcc/arm-none-eabi/9.3.1/thumb/v7-m/nofp/crtn.o
                0x20005000                _estack = (ORIGIN (RAM) + LENGTH (RAM))
                0x00000200                _Min_Heap_Size = 0x200
                0x00000400                _Min_Stack_Size = 0x400

.isr_vector     0x08000000      0x10c
                0x08000000                . = ALIGN (0x4)
 *(.isr_vector)
 .isr_vector    0x08000000      0x10c CMakeFiles/untitled.elf.dir/Core/Startup/startup_stm32f103rbtx.s.obj
                0x08000000                g_pfnVectors
                0x0800010c                . = ALIGN (0x4)

.text           0x0800010c      0xf2c
                0x0800010c                . = ALIGN (0x4)
 *(.text)
 .text          0x0800010c       0x40 c:/gnuarm~1/92020-~1/bin/../lib/gcc/arm-none-eabi/9.3.1/thumb/v7-m/nofp/crtbegin.o
 *(.text*)
 .text.MX_GPIO_Init
                0x0800014c       0xb4 CMakeFiles/untitled.elf.dir/Core/Src/main.c.obj
 .text.MX_USART2_UART_Init
                0x08000200       0x2c CMakeFiles/untitled.elf.dir/Core/Src/main.c.obj
 .text.SystemClock_Config
                0x0800022c       0x50 CMakeFiles/untitled.elf.dir/Core/Src/main.c.obj
                0x0800022c                SystemClock_Config
 .text.main     0x0800027c       0x28 CMakeFiles/untitled.elf.dir/Core/Src/main.c.obj
                0x0800027c                main
 .text.HAL_MspInit
                0x080002a4       0x44 CMakeFiles/untitled.elf.dir/Core/Src/stm32f1xx_hal_msp.c.obj
                0x080002a4                HAL_MspInit
 .text.HAL_UART_MspInit
                0x080002e8       0x60 CMakeFiles/untitled.elf.dir/Core/Src/stm32f1xx_hal_msp.c.obj
                0x080002e8                HAL_UART_MspInit
 .text.NMI_Handler
                0x08000348        0x2 CMakeFiles/untitled.elf.dir/Core/Src/stm32f1xx_it.c.obj
                0x08000348                NMI_Handler
 .text.HardFault_Handler
                0x0800034a        0x2 CMakeFiles/untitled.elf.dir/Core/Src/stm32f1xx_it.c.obj
                0x0800034a                HardFault_Handler
 .text.MemManage_Handler
                0x0800034c        0x2 CMakeFiles/untitled.elf.dir/Core/Src/stm32f1xx_it.c.obj
                0x0800034c                MemManage_Handler
 .text.BusFault_Handler
                0x0800034e        0x2 CMakeFiles/untitled.elf.dir/Core/Src/stm32f1xx_it.c.obj
                0x0800034e                BusFault_Handler
 .text.UsageFault_Handler
                0x08000350        0x2 CMakeFiles/untitled.elf.dir/Core/Src/stm32f1xx_it.c.obj
                0x08000350                UsageFault_Handler
 .text.SVC_Handler
                0x08000352        0x2 CMakeFiles/untitled.elf.dir/Core/Src/stm32f1xx_it.c.obj
                0x08000352                SVC_Handler
 .text.DebugMon_Handler
                0x08000354        0x2 CMakeFiles/untitled.elf.dir/Core/Src/stm32f1xx_it.c.obj
                0x08000354                DebugMon_Handler
 .text.PendSV_Handler
                0x08000356        0x2 CMakeFiles/untitled.elf.dir/Core/Src/stm32f1xx_it.c.obj
                0x08000356                PendSV_Handler
 .text.SysTick_Handler
                0x08000358        0x8 CMakeFiles/untitled.elf.dir/Core/Src/stm32f1xx_it.c.obj
                0x08000358                SysTick_Handler
 .text.EXTI15_10_IRQHandler
                0x08000360        0xc CMakeFiles/untitled.elf.dir/Core/Src/stm32f1xx_it.c.obj
                0x08000360                EXTI15_10_IRQHandler
 .text.SystemInit
                0x0800036c        0x2 CMakeFiles/untitled.elf.dir/Core/Src/system_stm32f1xx.c.obj
                0x0800036c                SystemInit
 *fill*         0x0800036e        0x2 
 .text.Reset_Handler
                0x08000370       0x48 CMakeFiles/untitled.elf.dir/Core/Startup/startup_stm32f103rbtx.s.obj
                0x08000370                Reset_Handler
 .text.Default_Handler
                0x080003b8        0x2 CMakeFiles/untitled.elf.dir/Core/Startup/startup_stm32f103rbtx.s.obj
                0x080003b8                RTC_Alarm_IRQHandler
                0x080003b8                EXTI2_IRQHandler
                0x080003b8                TIM1_CC_IRQHandler
                0x080003b8                PVD_IRQHandler
                0x080003b8                EXTI3_IRQHandler
                0x080003b8                EXTI0_IRQHandler
                0x080003b8                I2C2_EV_IRQHandler
                0x080003b8                ADC1_2_IRQHandler
                0x080003b8                SPI1_IRQHandler
                0x080003b8                TAMPER_IRQHandler
                0x080003b8                DMA1_Channel4_IRQHandler
                0x080003b8                USART3_IRQHandler
                0x080003b8                RTC_IRQHandler
                0x080003b8                DMA1_Channel7_IRQHandler
                0x080003b8                CAN1_RX1_IRQHandler
                0x080003b8                TIM4_IRQHandler
                0x080003b8                I2C1_EV_IRQHandler
                0x080003b8                DMA1_Channel6_IRQHandler
                0x080003b8                TIM3_IRQHandler
                0x080003b8                RCC_IRQHandler
                0x080003b8                TIM1_TRG_COM_IRQHandler
                0x080003b8                DMA1_Channel1_IRQHandler
                0x080003b8                Default_Handler
                0x080003b8                EXTI9_5_IRQHandler
                0x080003b8                SPI2_IRQHandler
                0x080003b8                DMA1_Channel5_IRQHandler
                0x080003b8                EXTI4_IRQHandler
                0x080003b8                USB_LP_CAN1_RX0_IRQHandler
                0x080003b8                USB_HP_CAN1_TX_IRQHandler
                0x080003b8                DMA1_Channel3_IRQHandler
                0x080003b8                TIM1_UP_IRQHandler
                0x080003b8                WWDG_IRQHandler
                0x080003b8                TIM2_IRQHandler
                0x080003b8                TIM1_BRK_IRQHandler
                0x080003b8                EXTI1_IRQHandler
                0x080003b8                USART2_IRQHandler
                0x080003b8                I2C2_ER_IRQHandler
                0x080003b8                DMA1_Channel2_IRQHandler
                0x080003b8                CAN1_SCE_IRQHandler
                0x080003b8                FLASH_IRQHandler
                0x080003b8                USART1_IRQHandler
                0x080003b8                I2C1_ER_IRQHandler
                0x080003b8                USBWakeUp_IRQHandler
 *fill*         0x080003ba        0x2 
 .text.HAL_InitTick
                0x080003bc       0x4c CMakeFiles/untitled.elf.dir/Drivers/STM32F1xx_HAL_Driver/Src/stm32f1xx_hal.c.obj
                0x080003bc                HAL_InitTick
 .text.HAL_Init
                0x08000408       0x24 CMakeFiles/untitled.elf.dir/Drivers/STM32F1xx_HAL_Driver/Src/stm32f1xx_hal.c.obj
                0x08000408                HAL_Init
 .text.HAL_IncTick
                0x0800042c       0x18 CMakeFiles/untitled.elf.dir/Drivers/STM32F1xx_HAL_Driver/Src/stm32f1xx_hal.c.obj
                0x0800042c                HAL_IncTick
 .text.HAL_GetTick
                0x08000444        0xc CMakeFiles/untitled.elf.dir/Drivers/STM32F1xx_HAL_Driver/Src/stm32f1xx_hal.c.obj
                0x08000444                HAL_GetTick
 .text.HAL_Delay
                0x08000450       0x28 CMakeFiles/untitled.elf.dir/Drivers/STM32F1xx_HAL_Driver/Src/stm32f1xx_hal.c.obj
                0x08000450                HAL_Delay
 .text.HAL_NVIC_SetPriorityGrouping
                0x08000478       0x24 CMakeFiles/untitled.elf.dir/Drivers/STM32F1xx_HAL_Driver/Src/stm32f1xx_hal_cortex.c.obj
                0x08000478                HAL_NVIC_SetPriorityGrouping
 .text.HAL_NVIC_SetPriority
                0x0800049c       0x68 CMakeFiles/untitled.elf.dir/Drivers/STM32F1xx_HAL_Driver/Src/stm32f1xx_hal_cortex.c.obj
                0x0800049c                HAL_NVIC_SetPriority
 .text.HAL_NVIC_EnableIRQ
                0x08000504       0x1c CMakeFiles/untitled.elf.dir/Drivers/STM32F1xx_HAL_Driver/Src/stm32f1xx_hal_cortex.c.obj
                0x08000504                HAL_NVIC_EnableIRQ
 .text.HAL_SYSTICK_Config
                0x08000520       0x2c CMakeFiles/untitled.elf.dir/Drivers/STM32F1xx_HAL_Driver/Src/stm32f1xx_hal_cortex.c.obj
                0x08000520                HAL_SYSTICK_Config
 .text.HAL_GPIO_Init
                0x0800054c      0x220 CMakeFiles/untitled.elf.dir/Drivers/STM32F1xx_HAL_Driver/Src/stm32f1xx_hal_gpio.c.obj
                0x0800054c                HAL_GPIO_Init
 .text.HAL_GPIO_WritePin
                0x0800076c        0xc CMakeFiles/untitled.elf.dir/Drivers/STM32F1xx_HAL_Driver/Src/stm32f1xx_hal_gpio.c.obj
                0x0800076c                HAL_GPIO_WritePin
 .text.HAL_GPIO_TogglePin
                0x08000778       0x12 CMakeFiles/untitled.elf.dir/Drivers/STM32F1xx_HAL_Driver/Src/stm32f1xx_hal_gpio.c.obj
                0x08000778                HAL_GPIO_TogglePin
 .text.HAL_GPIO_EXTI_Callback
                0x0800078a        0x2 CMakeFiles/untitled.elf.dir/Drivers/STM32F1xx_HAL_Driver/Src/stm32f1xx_hal_gpio.c.obj
                0x0800078a                HAL_GPIO_EXTI_Callback
 .text.HAL_GPIO_EXTI_IRQHandler
                0x0800078c       0x1c CMakeFiles/untitled.elf.dir/Drivers/STM32F1xx_HAL_Driver/Src/stm32f1xx_hal_gpio.c.obj
                0x0800078c                HAL_GPIO_EXTI_IRQHandler
 .text.RCC_Delay
                0x080007a8       0x2c CMakeFiles/untitled.elf.dir/Drivers/STM32F1xx_HAL_Driver/Src/stm32f1xx_hal_rcc.c.obj
 .text.HAL_RCC_OscConfig
                0x080007d4      0x410 CMakeFiles/untitled.elf.dir/Drivers/STM32F1xx_HAL_Driver/Src/stm32f1xx_hal_rcc.c.obj
                0x080007d4                HAL_RCC_OscConfig
 .text.HAL_RCC_GetSysClockFreq
                0x08000be4       0x6c CMakeFiles/untitled.elf.dir/Drivers/STM32F1xx_HAL_Driver/Src/stm32f1xx_hal_rcc.c.obj
                0x08000be4                HAL_RCC_GetSysClockFreq
 .text.HAL_RCC_ClockConfig
                0x08000c50      0x16c CMakeFiles/untitled.elf.dir/Drivers/STM32F1xx_HAL_Driver/Src/stm32f1xx_hal_rcc.c.obj
                0x08000c50                HAL_RCC_ClockConfig
 .text.HAL_RCC_GetHCLKFreq
                0x08000dbc        0xc CMakeFiles/untitled.elf.dir/Drivers/STM32F1xx_HAL_Driver/Src/stm32f1xx_hal_rcc.c.obj
                0x08000dbc                HAL_RCC_GetHCLKFreq
 .text.HAL_RCC_GetPCLK1Freq
                0x08000dc8       0x20 CMakeFiles/untitled.elf.dir/Drivers/STM32F1xx_HAL_Driver/Src/stm32f1xx_hal_rcc.c.obj
                0x08000dc8                HAL_RCC_GetPCLK1Freq
 .text.HAL_RCC_GetPCLK2Freq
                0x08000de8       0x20 CMakeFiles/untitled.elf.dir/Drivers/STM32F1xx_HAL_Driver/Src/stm32f1xx_hal_rcc.c.obj
                0x08000de8                HAL_RCC_GetPCLK2Freq
 .text.UART_SetConfig
                0x08000e08       0x90 CMakeFiles/untitled.elf.dir/Drivers/STM32F1xx_HAL_Driver/Src/stm32f1xx_hal_uart.c.obj
 .text.HAL_UART_Init
                0x08000e98       0x5e CMakeFiles/untitled.elf.dir/Drivers/STM32F1xx_HAL_Driver/Src/stm32f1xx_hal_uart.c.obj
                0x08000e98                HAL_UART_Init
 *fill*         0x08000ef6        0x2 
 .text.__libc_init_array
                0x08000ef8       0x48 c:/gnuarm~1/92020-~1/bin/../lib/gcc/arm-none-eabi/9.3.1/../../../../arm-none-eabi/lib/thumb/v7-m/nofp\libg.a(lib_a-init.o)
                0x08000ef8                __libc_init_array
 .text.startup.register_fini
                0x08000f40       0x14 c:/gnuarm~1/92020-~1/bin/../lib/gcc/arm-none-eabi/9.3.1/../../../../arm-none-eabi/lib/thumb/v7-m/nofp\libg.a(lib_a-__call_atexit.o)
 .text.atexit   0x08000f54        0xc c:/gnuarm~1/92020-~1/bin/../lib/gcc/arm-none-eabi/9.3.1/../../../../arm-none-eabi/lib/thumb/v7-m/nofp\libg.a(lib_a-atexit.o)
                0x08000f54                atexit
 .text.__libc_fini_array
                0x08000f60       0x2c c:/gnuarm~1/92020-~1/bin/../lib/gcc/arm-none-eabi/9.3.1/../../../../arm-none-eabi/lib/thumb/v7-m/nofp\libg.a(lib_a-fini.o)
                0x08000f60                __libc_fini_array
 .text.__retarget_lock_acquire_recursive
                0x08000f8c        0x4 c:/gnuarm~1/92020-~1/bin/../lib/gcc/arm-none-eabi/9.3.1/../../../../arm-none-eabi/lib/thumb/v7-m/nofp\libg.a(lib_a-lock.o)
                0x08000f8c                __retarget_lock_acquire_recursive
 .text.__retarget_lock_release_recursive
                0x08000f90        0x4 c:/gnuarm~1/92020-~1/bin/../lib/gcc/arm-none-eabi/9.3.1/../../../../arm-none-eabi/lib/thumb/v7-m/nofp\libg.a(lib_a-lock.o)
                0x08000f90                __retarget_lock_release_recursive
 .text.__register_exitproc
                0x08000f94       0x8c c:/gnuarm~1/92020-~1/bin/../lib/gcc/arm-none-eabi/9.3.1/../../../../arm-none-eabi/lib/thumb/v7-m/nofp\libg.a(lib_a-__atexit.o)
                0x08000f94                __register_exitproc
 *(.glue_7)
 .glue_7        0x08001020        0x0 linker stubs
 *(.glue_7t)
 .glue_7t       0x08001020        0x0 linker stubs
 *(.eh_frame)
 .eh_frame      0x08001020        0x0 c:/gnuarm~1/92020-~1/bin/../lib/gcc/arm-none-eabi/9.3.1/thumb/v7-m/nofp/crtbegin.o
 *(.init)
 .init          0x08001020        0x4 c:/gnuarm~1/92020-~1/bin/../lib/gcc/arm-none-eabi/9.3.1/thumb/v7-m/nofp/crti.o
                0x08001020                _init
 .init          0x08001024        0x8 c:/gnuarm~1/92020-~1/bin/../lib/gcc/arm-none-eabi/9.3.1/thumb/v7-m/nofp/crtn.o
 *(.fini)
 .fini          0x0800102c        0x4 c:/gnuarm~1/92020-~1/bin/../lib/gcc/arm-none-eabi/9.3.1/thumb/v7-m/nofp/crti.o
                0x0800102c                _fini
 .fini          0x08001030        0x8 c:/gnuarm~1/92020-~1/bin/../lib/gcc/arm-none-eabi/9.3.1/thumb/v7-m/nofp/crtn.o
                0x08001038                . = ALIGN (0x4)
                0x08001038                _etext = .

.vfp11_veneer   0x08001038        0x0
 .vfp11_veneer  0x08001038        0x0 linker stubs

.v4_bx          0x08001038        0x0
 .v4_bx         0x08001038        0x0 linker stubs

.iplt           0x08001038        0x0
 .iplt          0x08001038        0x0 c:/gnuarm~1/92020-~1/bin/../lib/gcc/arm-none-eabi/9.3.1/thumb/v7-m/nofp/crtbegin.o

.rodata         0x08001038       0x30
                0x08001038                . = ALIGN (0x4)
 *(.rodata)
 *(.rodata*)
 .rodata.AHBPrescTable
                0x08001038       0x10 CMakeFiles/untitled.elf.dir/Core/Src/system_stm32f1xx.c.obj
                0x08001038                AHBPrescTable
 .rodata.APBPrescTable
                0x08001048        0x8 CMakeFiles/untitled.elf.dir/Core/Src/system_stm32f1xx.c.obj
                0x08001048                APBPrescTable
 .rodata.HAL_RCC_GetSysClockFreq.str1.4
                0x08001050       0x11 CMakeFiles/untitled.elf.dir/Drivers/STM32F1xx_HAL_Driver/Src/stm32f1xx_hal_rcc.c.obj
 *fill*         0x08001061        0x3 
 .rodata._global_impure_ptr
                0x08001064        0x4 c:/gnuarm~1/92020-~1/bin/../lib/gcc/arm-none-eabi/9.3.1/../../../../arm-none-eabi/lib/thumb/v7-m/nofp\libg.a(lib_a-impure.o)
                0x08001064                _global_impure_ptr
                0x08001068                . = ALIGN (0x4)

.rel.dyn        0x08001068        0x0
 .rel.iplt      0x08001068        0x0 c:/gnuarm~1/92020-~1/bin/../lib/gcc/arm-none-eabi/9.3.1/thumb/v7-m/nofp/crtbegin.o

.ARM.extab      0x08001068        0x0
                0x08001068                . = ALIGN (0x4)
 *(.ARM.extab* .gnu.linkonce.armextab.*)
                0x08001068                . = ALIGN (0x4)

.ARM            0x08001068        0x0
                0x08001068                . = ALIGN (0x4)
                0x08001068                __exidx_start = .
 *(.ARM.exidx*)
                0x08001068                __exidx_end = .
                0x08001068                . = ALIGN (0x4)

.preinit_array  0x08001068        0x0
                0x08001068                . = ALIGN (0x4)
                0x08001068                PROVIDE (__preinit_array_start = .)
 *(.preinit_array*)
                0x08001068                PROVIDE (__preinit_array_end = .)
                0x08001068                . = ALIGN (0x4)

.init_array     0x08001068        0x8
                0x08001068                . = ALIGN (0x4)
                0x08001068                PROVIDE (__init_array_start = .)
 *(SORT_BY_NAME(.init_array.*))
 .init_array.00000
                0x08001068        0x4 c:/gnuarm~1/92020-~1/bin/../lib/gcc/arm-none-eabi/9.3.1/../../../../arm-none-eabi/lib/thumb/v7-m/nofp\libg.a(lib_a-__call_atexit.o)
 *(.init_array*)
 .init_array    0x0800106c        0x4 c:/gnuarm~1/92020-~1/bin/../lib/gcc/arm-none-eabi/9.3.1/thumb/v7-m/nofp/crtbegin.o
                0x08001070                PROVIDE (__init_array_end = .)
                0x08001070                . = ALIGN (0x4)

.fini_array     0x08001070        0x4
                0x08001070                . = ALIGN (0x4)
                0x08001070                PROVIDE (__fini_array_start = .)
 *(SORT_BY_NAME(.fini_array.*))
 *(.fini_array*)
 .fini_array    0x08001070        0x4 c:/gnuarm~1/92020-~1/bin/../lib/gcc/arm-none-eabi/9.3.1/thumb/v7-m/nofp/crtbegin.o
                0x08001074                PROVIDE (__fini_array_end = .)
                0x08001074                . = ALIGN (0x4)
                0x08001074                _sidata = LOADADDR (.data)

.data           0x20000000      0x43c load address 0x08001074
                0x20000000                . = ALIGN (0x4)
                0x20000000                _sdata = .
 *(.data)
 *(.data*)
 .data.SystemCoreClock
                0x20000000        0x4 CMakeFiles/untitled.elf.dir/Core/Src/system_stm32f1xx.c.obj
                0x20000000                SystemCoreClock
 .data.uwTickFreq
                0x20000004        0x1 CMakeFiles/untitled.elf.dir/Drivers/STM32F1xx_HAL_Driver/Src/stm32f1xx_hal.c.obj
                0x20000004                uwTickFreq
 *fill*         0x20000005        0x3 
 .data.uwTickPrio
                0x20000008        0x4 CMakeFiles/untitled.elf.dir/Drivers/STM32F1xx_HAL_Driver/Src/stm32f1xx_hal.c.obj
                0x20000008                uwTickPrio
 *fill*         0x2000000c        0x4 
 .data.impure_data
                0x20000010      0x428 c:/gnuarm~1/92020-~1/bin/../lib/gcc/arm-none-eabi/9.3.1/../../../../arm-none-eabi/lib/thumb/v7-m/nofp\libg.a(lib_a-impure.o)
 .data.__atexit_recursive_mutex
                0x20000438        0x4 c:/gnuarm~1/92020-~1/bin/../lib/gcc/arm-none-eabi/9.3.1/../../../../arm-none-eabi/lib/thumb/v7-m/nofp\libg.a(lib_a-__call_atexit.o)
                0x20000438                __atexit_recursive_mutex
                0x2000043c                . = ALIGN (0x4)
                0x2000043c                _edata = .

.igot.plt       0x2000043c        0x0 load address 0x080014b0
 .igot.plt      0x2000043c        0x0 c:/gnuarm~1/92020-~1/bin/../lib/gcc/arm-none-eabi/9.3.1/thumb/v7-m/nofp/crtbegin.o
                0x2000043c                . = ALIGN (0x4)

.bss            0x2000043c       0x84 load address 0x080014b0
                0x2000043c                _sbss = .
                0x2000043c                __bss_start__ = _sbss
 *(.bss)
 .bss           0x2000043c       0x1c c:/gnuarm~1/92020-~1/bin/../lib/gcc/arm-none-eabi/9.3.1/thumb/v7-m/nofp/crtbegin.o
 *(.bss*)
 .bss.huart2    0x20000458       0x40 CMakeFiles/untitled.elf.dir/Core/Src/main.c.obj
                0x20000458                huart2
 .bss.uwTick    0x20000498        0x4 CMakeFiles/untitled.elf.dir/Drivers/STM32F1xx_HAL_Driver/Src/stm32f1xx_hal.c.obj
                0x20000498                uwTick
 *(COMMON)
 COMMON         0x2000049c       0x21 c:/gnuarm~1/92020-~1/bin/../lib/gcc/arm-none-eabi/9.3.1/../../../../arm-none-eabi/lib/thumb/v7-m/nofp\libg.a(lib_a-lock.o)
                0x2000049c                __lock___atexit_recursive_mutex
                0x200004a0                __lock___arc4random_mutex
                0x200004a4                __lock___env_recursive_mutex
                0x200004a8                __lock___sinit_recursive_mutex
                0x200004ac                __lock___malloc_recursive_mutex
                0x200004b0                __lock___at_quick_exit_mutex
                0x200004b4                __lock___dd_hash_mutex
                0x200004b8                __lock___tz_mutex
                0x200004bc                __lock___sfp_recursive_mutex
                0x200004c0                . = ALIGN (0x4)
 *fill*         0x200004bd        0x3 
                0x200004c0                _ebss = .
                0x200004c0                __bss_end__ = _ebss

._user_heap_stack
                0x200004c0      0x600 load address 0x080014b0
                0x200004c0                . = ALIGN (0x8)
                [!provide]                PROVIDE (end = .)
                0x200004c0                PROVIDE (_end = .)
                0x200006c0                . = (. + _Min_Heap_Size)
 *fill*         0x200004c0      0x200 
                0x20000ac0                . = (. + _Min_Stack_Size)
 *fill*         0x200006c0      0x400 
                0x20000ac0                . = ALIGN (0x8)

/DISCARD/
 libc.a(*)
 libm.a(*)
 libgcc.a(*)

.ARM.attributes
                0x00000000       0x29
 *(.ARM.attributes)
 .ARM.attributes
                0x00000000       0x1d c:/gnuarm~1/92020-~1/bin/../lib/gcc/arm-none-eabi/9.3.1/thumb/v7-m/nofp/crti.o
 .ARM.attributes
                0x0000001d       0x2d c:/gnuarm~1/92020-~1/bin/../lib/gcc/arm-none-eabi/9.3.1/thumb/v7-m/nofp/crtbegin.o
 .ARM.attributes
                0x0000004a       0x2d CMakeFiles/untitled.elf.dir/Core/Src/main.c.obj
 .ARM.attributes
                0x00000077       0x2d CMakeFiles/untitled.elf.dir/Core/Src/stm32f1xx_hal_msp.c.obj
 .ARM.attributes
                0x000000a4       0x2d CMakeFiles/untitled.elf.dir/Core/Src/stm32f1xx_it.c.obj
 .ARM.attributes
                0x000000d1       0x2d CMakeFiles/untitled.elf.dir/Core/Src/system_stm32f1xx.c.obj
 .ARM.attributes
                0x000000fe       0x21 CMakeFiles/untitled.elf.dir/Core/Startup/startup_stm32f103rbtx.s.obj
 .ARM.attributes
                0x0000011f       0x2d CMakeFiles/untitled.elf.dir/Drivers/STM32F1xx_HAL_Driver/Src/stm32f1xx_hal.c.obj
 .ARM.attributes
                0x0000014c       0x2d CMakeFiles/untitled.elf.dir/Drivers/STM32F1xx_HAL_Driver/Src/stm32f1xx_hal_cortex.c.obj
 .ARM.attributes
                0x00000179       0x2d CMakeFiles/untitled.elf.dir/Drivers/STM32F1xx_HAL_Driver/Src/stm32f1xx_hal_gpio.c.obj
 .ARM.attributes
                0x000001a6       0x2d CMakeFiles/untitled.elf.dir/Drivers/STM32F1xx_HAL_Driver/Src/stm32f1xx_hal_rcc.c.obj
 .ARM.attributes
                0x000001d3       0x2d CMakeFiles/untitled.elf.dir/Drivers/STM32F1xx_HAL_Driver/Src/stm32f1xx_hal_uart.c.obj
 .ARM.attributes
                0x00000200       0x2d c:/gnuarm~1/92020-~1/bin/../lib/gcc/arm-none-eabi/9.3.1/../../../../arm-none-eabi/lib/thumb/v7-m/nofp\libg.a(lib_a-impure.o)
 .ARM.attributes
                0x0000022d       0x2d c:/gnuarm~1/92020-~1/bin/../lib/gcc/arm-none-eabi/9.3.1/../../../../arm-none-eabi/lib/thumb/v7-m/nofp\libg.a(lib_a-init.o)
 .ARM.attributes
                0x0000025a       0x2d c:/gnuarm~1/92020-~1/bin/../lib/gcc/arm-none-eabi/9.3.1/../../../../arm-none-eabi/lib/thumb/v7-m/nofp\libg.a(lib_a-__call_atexit.o)
 .ARM.attributes
                0x00000287       0x2d c:/gnuarm~1/92020-~1/bin/../lib/gcc/arm-none-eabi/9.3.1/../../../../arm-none-eabi/lib/thumb/v7-m/nofp\libg.a(lib_a-atexit.o)
 .ARM.attributes
                0x000002b4       0x2d c:/gnuarm~1/92020-~1/bin/../lib/gcc/arm-none-eabi/9.3.1/../../../../arm-none-eabi/lib/thumb/v7-m/nofp\libg.a(lib_a-fini.o)
 .ARM.attributes
                0x000002e1       0x2d c:/gnuarm~1/92020-~1/bin/../lib/gcc/arm-none-eabi/9.3.1/../../../../arm-none-eabi/lib/thumb/v7-m/nofp\libg.a(lib_a-lock.o)
 .ARM.attributes
                0x0000030e       0x2d c:/gnuarm~1/92020-~1/bin/../lib/gcc/arm-none-eabi/9.3.1/../../../../arm-none-eabi/lib/thumb/v7-m/nofp\libg.a(lib_a-__atexit.o)
 .ARM.attributes
                0x0000033b       0x1d c:/gnuarm~1/92020-~1/bin/../lib/gcc/arm-none-eabi/9.3.1/thumb/v7-m/nofp/crtn.o
OUTPUT(untitled.elf elf32-littlearm)
LOAD linker stubs
LOAD c:/gnuarm~1/92020-~1/bin/../lib/gcc/arm-none-eabi/9.3.1/../../../../arm-none-eabi/lib/thumb/v7-m/nofp\libc.a
LOAD c:/gnuarm~1/92020-~1/bin/../lib/gcc/arm-none-eabi/9.3.1/../../../../arm-none-eabi/lib/thumb/v7-m/nofp\libm.a
LOAD c:/gnuarm~1/92020-~1/bin/../lib/gcc/arm-none-eabi/9.3.1/thumb/v7-m/nofp\libgcc.a

.debug_info     0x00000000     0x5cb9
 .debug_info    0x00000000      0xc9e CMakeFiles/untitled.elf.dir/Core/Src/main.c.obj
 .debug_info    0x00000c9e      0x915 CMakeFiles/untitled.elf.dir/Core/Src/stm32f1xx_hal_msp.c.obj
 .debug_info    0x000015b3      0x285 CMakeFiles/untitled.elf.dir/Core/Src/stm32f1xx_it.c.obj
 .debug_info    0x00001838      0x2c9 CMakeFiles/untitled.elf.dir/Core/Src/system_stm32f1xx.c.obj
 .debug_info    0x00001b01       0x22 CMakeFiles/untitled.elf.dir/Core/Startup/startup_stm32f103rbtx.s.obj
 .debug_info    0x00001b23      0x831 CMakeFiles/untitled.elf.dir/Drivers/STM32F1xx_HAL_Driver/Src/stm32f1xx_hal.c.obj
 .debug_info    0x00002354      0xe46 CMakeFiles/untitled.elf.dir/Drivers/STM32F1xx_HAL_Driver/Src/stm32f1xx_hal_cortex.c.obj
 .debug_info    0x0000319a      0x75b CMakeFiles/untitled.elf.dir/Drivers/STM32F1xx_HAL_Driver/Src/stm32f1xx_hal_gpio.c.obj
 .debug_info    0x000038f5      0xaab CMakeFiles/untitled.elf.dir/Drivers/STM32F1xx_HAL_Driver/Src/stm32f1xx_hal_rcc.c.obj
 .debug_info    0x000043a0     0x1919 CMakeFiles/untitled.elf.dir/Drivers/STM32F1xx_HAL_Driver/Src/stm32f1xx_hal_uart.c.obj

.debug_abbrev   0x00000000     0x1337
 .debug_abbrev  0x00000000      0x238 CMakeFiles/untitled.elf.dir/Core/Src/main.c.obj
 .debug_abbrev  0x00000238      0x1d0 CMakeFiles/untitled.elf.dir/Core/Src/stm32f1xx_hal_msp.c.obj
 .debug_abbrev  0x00000408      0x119 CMakeFiles/untitled.elf.dir/Core/Src/stm32f1xx_it.c.obj
 .debug_abbrev  0x00000521      0x151 CMakeFiles/untitled.elf.dir/Core/Src/system_stm32f1xx.c.obj
 .debug_abbrev  0x00000672       0x12 CMakeFiles/untitled.elf.dir/Core/Startup/startup_stm32f103rbtx.s.obj
 .debug_abbrev  0x00000684      0x219 CMakeFiles/untitled.elf.dir/Drivers/STM32F1xx_HAL_Driver/Src/stm32f1xx_hal.c.obj
 .debug_abbrev  0x0000089d      0x367 CMakeFiles/untitled.elf.dir/Drivers/STM32F1xx_HAL_Driver/Src/stm32f1xx_hal_cortex.c.obj
 .debug_abbrev  0x00000c04      0x213 CMakeFiles/untitled.elf.dir/Drivers/STM32F1xx_HAL_Driver/Src/stm32f1xx_hal_gpio.c.obj
 .debug_abbrev  0x00000e17      0x28d CMakeFiles/untitled.elf.dir/Drivers/STM32F1xx_HAL_Driver/Src/stm32f1xx_hal_rcc.c.obj
 .debug_abbrev  0x000010a4      0x293 CMakeFiles/untitled.elf.dir/Drivers/STM32F1xx_HAL_Driver/Src/stm32f1xx_hal_uart.c.obj

.debug_aranges  0x00000000      0x550
 .debug_aranges
                0x00000000       0x40 CMakeFiles/untitled.elf.dir/Core/Src/main.c.obj
 .debug_aranges
                0x00000040       0x30 CMakeFiles/untitled.elf.dir/Core/Src/stm32f1xx_hal_msp.c.obj
 .debug_aranges
                0x00000070       0x68 CMakeFiles/untitled.elf.dir/Core/Src/stm32f1xx_it.c.obj
 .debug_aranges
                0x000000d8       0x28 CMakeFiles/untitled.elf.dir/Core/Src/system_stm32f1xx.c.obj
 .debug_aranges
                0x00000100       0x28 CMakeFiles/untitled.elf.dir/Core/Startup/startup_stm32f103rbtx.s.obj
 .debug_aranges
                0x00000128       0xe0 CMakeFiles/untitled.elf.dir/Drivers/STM32F1xx_HAL_Driver/Src/stm32f1xx_hal.c.obj
 .debug_aranges
                0x00000208       0x90 CMakeFiles/untitled.elf.dir/Drivers/STM32F1xx_HAL_Driver/Src/stm32f1xx_hal_cortex.c.obj
 .debug_aranges
                0x00000298       0x58 CMakeFiles/untitled.elf.dir/Drivers/STM32F1xx_HAL_Driver/Src/stm32f1xx_hal_gpio.c.obj
 .debug_aranges
                0x000002f0       0x90 CMakeFiles/untitled.elf.dir/Drivers/STM32F1xx_HAL_Driver/Src/stm32f1xx_hal_rcc.c.obj
 .debug_aranges
                0x00000380      0x1d0 CMakeFiles/untitled.elf.dir/Drivers/STM32F1xx_HAL_Driver/Src/stm32f1xx_hal_uart.c.obj

.debug_ranges   0x00000000      0x538
 .debug_ranges  0x00000000       0x30 CMakeFiles/untitled.elf.dir/Core/Src/main.c.obj
 .debug_ranges  0x00000030       0x20 CMakeFiles/untitled.elf.dir/Core/Src/stm32f1xx_hal_msp.c.obj
 .debug_ranges  0x00000050       0x58 CMakeFiles/untitled.elf.dir/Core/Src/stm32f1xx_it.c.obj
 .debug_ranges  0x000000a8       0x18 CMakeFiles/untitled.elf.dir/Core/Src/system_stm32f1xx.c.obj
 .debug_ranges  0x000000c0       0x20 CMakeFiles/untitled.elf.dir/Core/Startup/startup_stm32f103rbtx.s.obj
 .debug_ranges  0x000000e0       0xd0 CMakeFiles/untitled.elf.dir/Drivers/STM32F1xx_HAL_Driver/Src/stm32f1xx_hal.c.obj
 .debug_ranges  0x000001b0       0xe0 CMakeFiles/untitled.elf.dir/Drivers/STM32F1xx_HAL_Driver/Src/stm32f1xx_hal_cortex.c.obj
 .debug_ranges  0x00000290       0x48 CMakeFiles/untitled.elf.dir/Drivers/STM32F1xx_HAL_Driver/Src/stm32f1xx_hal_gpio.c.obj
 .debug_ranges  0x000002d8       0xa0 CMakeFiles/untitled.elf.dir/Drivers/STM32F1xx_HAL_Driver/Src/stm32f1xx_hal_rcc.c.obj
 .debug_ranges  0x00000378      0x1c0 CMakeFiles/untitled.elf.dir/Drivers/STM32F1xx_HAL_Driver/Src/stm32f1xx_hal_uart.c.obj

.debug_line     0x00000000     0x49e0
 .debug_line    0x00000000      0x451 CMakeFiles/untitled.elf.dir/Core/Src/main.c.obj
 .debug_line    0x00000451      0x324 CMakeFiles/untitled.elf.dir/Core/Src/stm32f1xx_hal_msp.c.obj
 .debug_line    0x00000775      0x325 CMakeFiles/untitled.elf.dir/Core/Src/stm32f1xx_it.c.obj
 .debug_line    0x00000a9a      0x2ee CMakeFiles/untitled.elf.dir/Core/Src/system_stm32f1xx.c.obj
 .debug_line    0x00000d88       0xab CMakeFiles/untitled.elf.dir/Core/Startup/startup_stm32f103rbtx.s.obj
 .debug_line    0x00000e33      0x57e CMakeFiles/untitled.elf.dir/Drivers/STM32F1xx_HAL_Driver/Src/stm32f1xx_hal.c.obj
 .debug_line    0x000013b1      0x6d4 CMakeFiles/untitled.elf.dir/Drivers/STM32F1xx_HAL_Driver/Src/stm32f1xx_hal_cortex.c.obj
 .debug_line    0x00001a85      0x680 CMakeFiles/untitled.elf.dir/Drivers/STM32F1xx_HAL_Driver/Src/stm32f1xx_hal_gpio.c.obj
 .debug_line    0x00002105      0xc9b CMakeFiles/untitled.elf.dir/Drivers/STM32F1xx_HAL_Driver/Src/stm32f1xx_hal_rcc.c.obj
 .debug_line    0x00002da0     0x1c40 CMakeFiles/untitled.elf.dir/Drivers/STM32F1xx_HAL_Driver/Src/stm32f1xx_hal_uart.c.obj

.debug_str      0x00000000     0x1d40
 .debug_str     0x00000000      0xb62 CMakeFiles/untitled.elf.dir/Core/Src/main.c.obj
                                0xbf6 (size before relaxing)
 .debug_str     0x00000b62       0xbb CMakeFiles/untitled.elf.dir/Core/Src/stm32f1xx_hal_msp.c.obj
                                0x76e (size before relaxing)
 .debug_str     0x00000c1d      0x10c CMakeFiles/untitled.elf.dir/Core/Src/stm32f1xx_it.c.obj
                                0x3a1 (size before relaxing)
 .debug_str     0x00000d29       0x79 CMakeFiles/untitled.elf.dir/Core/Src/system_stm32f1xx.c.obj
                                0x33f (size before relaxing)
 .debug_str     0x00000da2       0x5d CMakeFiles/untitled.elf.dir/Core/Startup/startup_stm32f103rbtx.s.obj
                                 0x99 (size before relaxing)
 .debug_str     0x00000dff      0x2aa CMakeFiles/untitled.elf.dir/Drivers/STM32F1xx_HAL_Driver/Src/stm32f1xx_hal.c.obj
                                0x8bc (size before relaxing)
 .debug_str     0x000010a9      0x3cf CMakeFiles/untitled.elf.dir/Drivers/STM32F1xx_HAL_Driver/Src/stm32f1xx_hal_cortex.c.obj
                                0x9d8 (size before relaxing)
 .debug_str     0x00001478      0x115 CMakeFiles/untitled.elf.dir/Drivers/STM32F1xx_HAL_Driver/Src/stm32f1xx_hal_gpio.c.obj
                                0x529 (size before relaxing)
 .debug_str     0x0000158d      0x21b CMakeFiles/untitled.elf.dir/Drivers/STM32F1xx_HAL_Driver/Src/stm32f1xx_hal_rcc.c.obj
                                0x70b (size before relaxing)
 .debug_str     0x000017a8      0x598 CMakeFiles/untitled.elf.dir/Drivers/STM32F1xx_HAL_Driver/Src/stm32f1xx_hal_uart.c.obj
                                0xcb9 (size before relaxing)

.comment        0x00000000       0x4c
 .comment       0x00000000       0x4c CMakeFiles/untitled.elf.dir/Core/Src/main.c.obj
                                 0x4d (size before relaxing)
 .comment       0x0000004c       0x4d CMakeFiles/untitled.elf.dir/Core/Src/stm32f1xx_hal_msp.c.obj
 .comment       0x0000004c       0x4d CMakeFiles/untitled.elf.dir/Core/Src/stm32f1xx_it.c.obj
 .comment       0x0000004c       0x4d CMakeFiles/untitled.elf.dir/Core/Src/system_stm32f1xx.c.obj
 .comment       0x0000004c       0x4d CMakeFiles/untitled.elf.dir/Drivers/STM32F1xx_HAL_Driver/Src/stm32f1xx_hal.c.obj
 .comment       0x0000004c       0x4d CMakeFiles/untitled.elf.dir/Drivers/STM32F1xx_HAL_Driver/Src/stm32f1xx_hal_cortex.c.obj
 .comment       0x0000004c       0x4d CMakeFiles/untitled.elf.dir/Drivers/STM32F1xx_HAL_Driver/Src/stm32f1xx_hal_gpio.c.obj
 .comment       0x0000004c       0x4d CMakeFiles/untitled.elf.dir/Drivers/STM32F1xx_HAL_Driver/Src/stm32f1xx_hal_rcc.c.obj
 .comment       0x0000004c       0x4d CMakeFiles/untitled.elf.dir/Drivers/STM32F1xx_HAL_Driver/Src/stm32f1xx_hal_uart.c.obj

.debug_frame    0x00000000      0xdf8
 .debug_frame   0x00000000       0x90 CMakeFiles/untitled.elf.dir/Core/Src/main.c.obj
 .debug_frame   0x00000090       0x60 CMakeFiles/untitled.elf.dir/Core/Src/stm32f1xx_hal_msp.c.obj
 .debug_frame   0x000000f0       0xc0 CMakeFiles/untitled.elf.dir/Core/Src/stm32f1xx_it.c.obj
 .debug_frame   0x000001b0       0x30 CMakeFiles/untitled.elf.dir/Core/Src/system_stm32f1xx.c.obj
 .debug_frame   0x000001e0      0x1cc CMakeFiles/untitled.elf.dir/Drivers/STM32F1xx_HAL_Driver/Src/stm32f1xx_hal.c.obj
 .debug_frame   0x000003ac      0x12c CMakeFiles/untitled.elf.dir/Drivers/STM32F1xx_HAL_Driver/Src/stm32f1xx_hal_cortex.c.obj
 .debug_frame   0x000004d8       0xe8 CMakeFiles/untitled.elf.dir/Drivers/STM32F1xx_HAL_Driver/Src/stm32f1xx_hal_gpio.c.obj
 .debug_frame   0x000005c0      0x190 CMakeFiles/untitled.elf.dir/Drivers/STM32F1xx_HAL_Driver/Src/stm32f1xx_hal_rcc.c.obj
 .debug_frame   0x00000750      0x4e8 CMakeFiles/untitled.elf.dir/Drivers/STM32F1xx_HAL_Driver/Src/stm32f1xx_hal_uart.c.obj
 .debug_frame   0x00000c38       0x2c c:/gnuarm~1/92020-~1/bin/../lib/gcc/arm-none-eabi/9.3.1/../../../../arm-none-eabi/lib/thumb/v7-m/nofp\libg.a(lib_a-init.o)
 .debug_frame   0x00000c64       0x5c c:/gnuarm~1/92020-~1/bin/../lib/gcc/arm-none-eabi/9.3.1/../../../../arm-none-eabi/lib/thumb/v7-m/nofp\libg.a(lib_a-__call_atexit.o)
 .debug_frame   0x00000cc0       0x20 c:/gnuarm~1/92020-~1/bin/../lib/gcc/arm-none-eabi/9.3.1/../../../../arm-none-eabi/lib/thumb/v7-m/nofp\libg.a(lib_a-atexit.o)
 .debug_frame   0x00000ce0       0x34 c:/gnuarm~1/92020-~1/bin/../lib/gcc/arm-none-eabi/9.3.1/../../../../arm-none-eabi/lib/thumb/v7-m/nofp\libg.a(lib_a-fini.o)
 .debug_frame   0x00000d14       0xb0 c:/gnuarm~1/92020-~1/bin/../lib/gcc/arm-none-eabi/9.3.1/../../../../arm-none-eabi/lib/thumb/v7-m/nofp\libg.a(lib_a-lock.o)
 .debug_frame   0x00000dc4       0x34 c:/gnuarm~1/92020-~1/bin/../lib/gcc/arm-none-eabi/9.3.1/../../../../arm-none-eabi/lib/thumb/v7-m/nofp\libg.a(lib_a-__atexit.o)

.debug_loc      0x00000000     0x2dc1
 .debug_loc     0x00000000       0x99 CMakeFiles/untitled.elf.dir/Core/Src/stm32f1xx_hal_msp.c.obj
 .debug_loc     0x00000099       0xff CMakeFiles/untitled.elf.dir/Core/Src/system_stm32f1xx.c.obj
 .debug_loc     0x00000198      0x141 CMakeFiles/untitled.elf.dir/Drivers/STM32F1xx_HAL_Driver/Src/stm32f1xx_hal.c.obj
 .debug_loc     0x000002d9      0x71f CMakeFiles/untitled.elf.dir/Drivers/STM32F1xx_HAL_Driver/Src/stm32f1xx_hal_cortex.c.obj
 .debug_loc     0x000009f8      0x468 CMakeFiles/untitled.elf.dir/Drivers/STM32F1xx_HAL_Driver/Src/stm32f1xx_hal_gpio.c.obj
 .debug_loc     0x00000e60      0x610 CMakeFiles/untitled.elf.dir/Drivers/STM32F1xx_HAL_Driver/Src/stm32f1xx_hal_rcc.c.obj
 .debug_loc     0x00001470     0x1951 CMakeFiles/untitled.elf.dir/Drivers/STM32F1xx_HAL_Driver/Src/stm32f1xx_hal_uart.c.obj
