Archive member included to satisfy reference by file (symbol)

/usr/lib/gcc/arm-none-eabi/9.2.1/../../../arm-none-eabi/lib/thumb/v7-m/nofp/libg.a(lib_a-atexit.o)
                              /usr/lib/gcc/arm-none-eabi/9.2.1/../../../arm-none-eabi/lib/thumb/v7-m/nofp/crt0.o (atexit)
/usr/lib/gcc/arm-none-eabi/9.2.1/../../../arm-none-eabi/lib/thumb/v7-m/nofp/libg.a(lib_a-errno.o)
                              CMakeFiles/02_blinking_led.elf.dir/Core/Src/syscalls.c.obj (__errno)
/usr/lib/gcc/arm-none-eabi/9.2.1/../../../arm-none-eabi/lib/thumb/v7-m/nofp/libg.a(lib_a-exit.o)
                              /usr/lib/gcc/arm-none-eabi/9.2.1/../../../arm-none-eabi/lib/thumb/v7-m/nofp/crt0.o (exit)
/usr/lib/gcc/arm-none-eabi/9.2.1/../../../arm-none-eabi/lib/thumb/v7-m/nofp/libg.a(lib_a-fini.o)
                              /usr/lib/gcc/arm-none-eabi/9.2.1/../../../arm-none-eabi/lib/thumb/v7-m/nofp/crt0.o (__libc_fini_array)
/usr/lib/gcc/arm-none-eabi/9.2.1/../../../arm-none-eabi/lib/thumb/v7-m/nofp/libg.a(lib_a-impure.o)
                              /usr/lib/gcc/arm-none-eabi/9.2.1/../../../arm-none-eabi/lib/thumb/v7-m/nofp/libg.a(lib_a-exit.o) (_global_impure_ptr)
/usr/lib/gcc/arm-none-eabi/9.2.1/../../../arm-none-eabi/lib/thumb/v7-m/nofp/libg.a(lib_a-init.o)
                              /usr/lib/gcc/arm-none-eabi/9.2.1/../../../arm-none-eabi/lib/thumb/v7-m/nofp/crt0.o (__libc_init_array)
/usr/lib/gcc/arm-none-eabi/9.2.1/../../../arm-none-eabi/lib/thumb/v7-m/nofp/libg.a(lib_a-memset.o)
                              /usr/lib/gcc/arm-none-eabi/9.2.1/../../../arm-none-eabi/lib/thumb/v7-m/nofp/crt0.o (memset)
/usr/lib/gcc/arm-none-eabi/9.2.1/../../../arm-none-eabi/lib/thumb/v7-m/nofp/libg.a(lib_a-__atexit.o)
                              /usr/lib/gcc/arm-none-eabi/9.2.1/../../../arm-none-eabi/lib/thumb/v7-m/nofp/libg.a(lib_a-atexit.o) (__register_exitproc)
/usr/lib/gcc/arm-none-eabi/9.2.1/../../../arm-none-eabi/lib/thumb/v7-m/nofp/libg.a(lib_a-__call_atexit.o)
                              /usr/lib/gcc/arm-none-eabi/9.2.1/../../../arm-none-eabi/lib/thumb/v7-m/nofp/libg.a(lib_a-exit.o) (__call_exitprocs)

Discarded input sections

 .text          0x0000000000000000        0x0 /usr/lib/gcc/arm-none-eabi/9.2.1/thumb/v7-m/nofp/crti.o
 .data          0x0000000000000000        0x0 /usr/lib/gcc/arm-none-eabi/9.2.1/thumb/v7-m/nofp/crti.o
 .bss           0x0000000000000000        0x0 /usr/lib/gcc/arm-none-eabi/9.2.1/thumb/v7-m/nofp/crti.o
 .data          0x0000000000000000        0x4 /usr/lib/gcc/arm-none-eabi/9.2.1/thumb/v7-m/nofp/crtbegin.o
 .text          0x0000000000000000       0x70 /usr/lib/gcc/arm-none-eabi/9.2.1/../../../arm-none-eabi/lib/thumb/v7-m/nofp/crt0.o
 .data          0x0000000000000000        0x0 /usr/lib/gcc/arm-none-eabi/9.2.1/../../../arm-none-eabi/lib/thumb/v7-m/nofp/crt0.o
 .bss           0x0000000000000000        0x0 /usr/lib/gcc/arm-none-eabi/9.2.1/../../../arm-none-eabi/lib/thumb/v7-m/nofp/crt0.o
 .ARM.extab     0x0000000000000000        0x0 /usr/lib/gcc/arm-none-eabi/9.2.1/../../../arm-none-eabi/lib/thumb/v7-m/nofp/crt0.o
 .ARM.exidx     0x0000000000000000       0x10 /usr/lib/gcc/arm-none-eabi/9.2.1/../../../arm-none-eabi/lib/thumb/v7-m/nofp/crt0.o
 .debug_line    0x0000000000000000       0x87 /usr/lib/gcc/arm-none-eabi/9.2.1/../../../arm-none-eabi/lib/thumb/v7-m/nofp/crt0.o
 .debug_info    0x0000000000000000       0x26 /usr/lib/gcc/arm-none-eabi/9.2.1/../../../arm-none-eabi/lib/thumb/v7-m/nofp/crt0.o
 .debug_abbrev  0x0000000000000000       0x14 /usr/lib/gcc/arm-none-eabi/9.2.1/../../../arm-none-eabi/lib/thumb/v7-m/nofp/crt0.o
 .debug_aranges
                0x0000000000000000       0x20 /usr/lib/gcc/arm-none-eabi/9.2.1/../../../arm-none-eabi/lib/thumb/v7-m/nofp/crt0.o
 .debug_str     0x0000000000000000       0x94 /usr/lib/gcc/arm-none-eabi/9.2.1/../../../arm-none-eabi/lib/thumb/v7-m/nofp/crt0.o
 .ARM.attributes
                0x0000000000000000       0x1b /usr/lib/gcc/arm-none-eabi/9.2.1/../../../arm-none-eabi/lib/thumb/v7-m/nofp/crt0.o
 .text          0x0000000000000000        0x0 CMakeFiles/02_blinking_led.elf.dir/Core/Src/main.c.obj
 .data          0x0000000000000000        0x0 CMakeFiles/02_blinking_led.elf.dir/Core/Src/main.c.obj
 .bss           0x0000000000000000        0x0 CMakeFiles/02_blinking_led.elf.dir/Core/Src/main.c.obj
 .text          0x0000000000000000        0x0 CMakeFiles/02_blinking_led.elf.dir/Core/Src/stm32f1xx_hal_msp.c.obj
 .data          0x0000000000000000        0x0 CMakeFiles/02_blinking_led.elf.dir/Core/Src/stm32f1xx_hal_msp.c.obj
 .bss           0x0000000000000000        0x0 CMakeFiles/02_blinking_led.elf.dir/Core/Src/stm32f1xx_hal_msp.c.obj
 .text.HAL_MspInit
                0x0000000000000000       0x44 CMakeFiles/02_blinking_led.elf.dir/Core/Src/stm32f1xx_hal_msp.c.obj
 .text.HAL_UART_MspInit
                0x0000000000000000       0x60 CMakeFiles/02_blinking_led.elf.dir/Core/Src/stm32f1xx_hal_msp.c.obj
 .text.HAL_UART_MspDeInit
[...]
Memory Configuration

Name             Origin             Length             Attributes
RAM              0x0000000020000000 0x0000000000005000 xrw
FLASH            0x0000000008000000 0x0000000000020000 xr
*default*        0x0000000000000000 0xffffffffffffffff

Linker script and memory map

LOAD /usr/lib/gcc/arm-none-eabi/9.2.1/thumb/v7-m/nofp/crti.o
LOAD /usr/lib/gcc/arm-none-eabi/9.2.1/thumb/v7-m/nofp/crtbegin.o
LOAD /usr/lib/gcc/arm-none-eabi/9.2.1/../../../arm-none-eabi/lib/thumb/v7-m/nofp/crt0.o
LOAD CMakeFiles/02_blinking_led.elf.dir/Core/Src/main.c.obj
LOAD CMakeFiles/02_blinking_led.elf.dir/Core/Src/stm32f1xx_hal_msp.c.obj
LOAD CMakeFiles/02_blinking_led.elf.dir/Core/Src/stm32f1xx_it.c.obj
LOAD CMakeFiles/02_blinking_led.elf.dir/Core/Src/syscalls.c.obj
LOAD CMakeFiles/02_blinking_led.elf.dir/Core/Src/sysmem.c.obj
LOAD CMakeFiles/02_blinking_led.elf.dir/Core/Src/system_stm32f1xx.c.obj
LOAD CMakeFiles/02_blinking_led.elf.dir/Core/Startup/startup_stm32f103rbtx.s.obj
LOAD CMakeFiles/02_blinking_led.elf.dir/Drivers/STM32F1xx_HAL_Driver/Src/stm32f1xx_hal.c.obj
LOAD CMakeFiles/02_blinking_led.elf.dir/Drivers/STM32F1xx_HAL_Driver/Src/stm32f1xx_hal_cortex.c.obj
LOAD CMakeFiles/02_blinking_led.elf.dir/Drivers/STM32F1xx_HAL_Driver/Src/stm32f1xx_hal_dma.c.obj
LOAD CMakeFiles/02_blinking_led.elf.dir/Drivers/STM32F1xx_HAL_Driver/Src/stm32f1xx_hal_exti.c.obj
LOAD CMakeFiles/02_blinking_led.elf.dir/Drivers/STM32F1xx_HAL_Driver/Src/stm32f1xx_hal_flash.c.obj
LOAD CMakeFiles/02_blinking_led.elf.dir/Drivers/STM32F1xx_HAL_Driver/Src/stm32f1xx_hal_flash_ex.c.obj
LOAD CMakeFiles/02_blinking_led.elf.dir/Drivers/STM32F1xx_HAL_Driver/Src/stm32f1xx_hal_gpio.c.obj
LOAD CMakeFiles/02_blinking_led.elf.dir/Drivers/STM32F1xx_HAL_Driver/Src/stm32f1xx_hal_gpio_ex.c.obj
LOAD CMakeFiles/02_blinking_led.elf.dir/Drivers/STM32F1xx_HAL_Driver/Src/stm32f1xx_hal_pwr.c.obj
LOAD CMakeFiles/02_blinking_led.elf.dir/Drivers/STM32F1xx_HAL_Driver/Src/stm32f1xx_hal_rcc.c.obj
LOAD CMakeFiles/02_blinking_led.elf.dir/Drivers/STM32F1xx_HAL_Driver/Src/stm32f1xx_hal_rcc_ex.c.obj
LOAD CMakeFiles/02_blinking_led.elf.dir/Drivers/STM32F1xx_HAL_Driver/Src/stm32f1xx_hal_tim.c.obj
LOAD CMakeFiles/02_blinking_led.elf.dir/Drivers/STM32F1xx_HAL_Driver/Src/stm32f1xx_hal_tim_ex.c.obj
LOAD CMakeFiles/02_blinking_led.elf.dir/Drivers/STM32F1xx_HAL_Driver/Src/stm32f1xx_hal_uart.c.obj
START GROUP
LOAD /usr/lib/gcc/arm-none-eabi/9.2.1/thumb/v7-m/nofp/libgcc.a
LOAD /usr/lib/gcc/arm-none-eabi/9.2.1/../../../arm-none-eabi/lib/thumb/v7-m/nofp/libg.a
LOAD /usr/lib/gcc/arm-none-eabi/9.2.1/../../../arm-none-eabi/lib/thumb/v7-m/nofp/libc.a
END GROUP
LOAD /usr/lib/gcc/arm-none-eabi/9.2.1/thumb/v7-m/nofp/crtend.o
LOAD /usr/lib/gcc/arm-none-eabi/9.2.1/thumb/v7-m/nofp/crtn.o
                0x0000000020005000                _estack = (ORIGIN (RAM) + LENGTH (RAM))
                0x0000000000000200                _Min_Heap_Size = 0x200
                0x0000000000000400                _Min_Stack_Size = 0x400

.isr_vector     0x0000000008000000      0x10c
                0x0000000008000000                . = ALIGN (0x4)
 *(.isr_vector)
 .isr_vector    0x0000000008000000      0x10c CMakeFiles/02_blinking_led.elf.dir/Core/Startup/startup_stm32f103rbtx.s.obj
                0x0000000008000000                g_pfnVectors
                0x000000000800010c                . = ALIGN (0x4)

.text           0x000000000800010c      0x4c0
                0x000000000800010c                . = ALIGN (0x4)
 *(.text)
 .text          0x000000000800010c       0x88 /usr/lib/gcc/arm-none-eabi/9.2.1/thumb/v7-m/nofp/crtbegin.o
 .text          0x0000000008000194        0xc /usr/lib/gcc/arm-none-eabi/9.2.1/../../../arm-none-eabi/lib/thumb/v7-m/nofp/libg.a(lib_a-atexit.o)
                0x0000000008000194                atexit
 .text          0x00000000080001a0       0x34 /usr/lib/gcc/arm-none-eabi/9.2.1/../../../arm-none-eabi/lib/thumb/v7-m/nofp/libg.a(lib_a-fini.o)
                0x00000000080001a0                __libc_fini_array
 .text          0x00000000080001d4       0x48 /usr/lib/gcc/arm-none-eabi/9.2.1/../../../arm-none-eabi/lib/thumb/v7-m/nofp/libg.a(lib_a-init.o)
                0x00000000080001d4                __libc_init_array
 .text          0x000000000800021c       0x64 /usr/lib/gcc/arm-none-eabi/9.2.1/../../../arm-none-eabi/lib/thumb/v7-m/nofp/libg.a(lib_a-__atexit.o)
                0x000000000800021c                __register_exitproc
 *(.text*)
 .text.main     0x0000000008000280       0x44 CMakeFiles/02_blinking_led.elf.dir/Core/Src/main.c.obj
                0x0000000008000280                main
 .text.NMI_Handler
                0x00000000080002c4        0x2 CMakeFiles/02_blinking_led.elf.dir/Core/Src/stm32f1xx_it.c.obj
                0x00000000080002c4                NMI_Handler
 .text.HardFault_Handler
                0x00000000080002c6        0x2 CMakeFiles/02_blinking_led.elf.dir/Core/Src/stm32f1xx_it.c.obj
                0x00000000080002c6                HardFault_Handler
 .text.MemManage_Handler
                0x00000000080002c8        0x2 CMakeFiles/02_blinking_led.elf.dir/Core/Src/stm32f1xx_it.c.obj
                0x00000000080002c8                MemManage_Handler
 .text.BusFault_Handler
                0x00000000080002ca        0x2 CMakeFiles/02_blinking_led.elf.dir/Core/Src/stm32f1xx_it.c.obj
                0x00000000080002ca                BusFault_Handler
 .text.UsageFault_Handler
                0x00000000080002cc        0x2 CMakeFiles/02_blinking_led.elf.dir/Core/Src/stm32f1xx_it.c.obj
                0x00000000080002cc                UsageFault_Handler
 .text.SVC_Handler
                0x00000000080002ce        0x2 CMakeFiles/02_blinking_led.elf.dir/Core/Src/stm32f1xx_it.c.obj
                0x00000000080002ce                SVC_Handler
 .text.DebugMon_Handler
                0x00000000080002d0        0x2 CMakeFiles/02_blinking_led.elf.dir/Core/Src/stm32f1xx_it.c.obj
                0x00000000080002d0                DebugMon_Handler
 .text.PendSV_Handler
                0x00000000080002d2        0x2 CMakeFiles/02_blinking_led.elf.dir/Core/Src/stm32f1xx_it.c.obj
                0x00000000080002d2                PendSV_Handler
 .text.SysTick_Handler
                0x00000000080002d4        0x8 CMakeFiles/02_blinking_led.elf.dir/Core/Src/stm32f1xx_it.c.obj
                0x00000000080002d4                SysTick_Handler
 .text.EXTI15_10_IRQHandler
                0x00000000080002dc        0xc CMakeFiles/02_blinking_led.elf.dir/Core/Src/stm32f1xx_it.c.obj
                0x00000000080002dc                EXTI15_10_IRQHandler
 .text.SystemInit
                0x00000000080002e8        0x2 CMakeFiles/02_blinking_led.elf.dir/Core/Src/system_stm32f1xx.c.obj
                0x00000000080002e8                SystemInit
 *fill*         0x00000000080002ea        0x2 
 .text.Reset_Handler
                0x00000000080002ec       0x48 CMakeFiles/02_blinking_led.elf.dir/Core/Startup/startup_stm32f103rbtx.s.obj
                0x00000000080002ec                Reset_Handler
 .text.Default_Handler
                0x0000000008000334        0x2 CMakeFiles/02_blinking_led.elf.dir/Core/Startup/startup_stm32f103rbtx.s.obj
                0x0000000008000334                RTC_Alarm_IRQHandler
                0x0000000008000334                EXTI2_IRQHandler
                0x0000000008000334                TIM1_CC_IRQHandler
                0x0000000008000334                PVD_IRQHandler
                0x0000000008000334                EXTI3_IRQHandler
                0x0000000008000334                EXTI0_IRQHandler
                0x0000000008000334                I2C2_EV_IRQHandler
                0x0000000008000334                ADC1_2_IRQHandler
                0x0000000008000334                SPI1_IRQHandler
                0x0000000008000334                TAMPER_IRQHandler
                0x0000000008000334                DMA1_Channel4_IRQHandler
                0x0000000008000334                USART3_IRQHandler
                0x0000000008000334                RTC_IRQHandler
                0x0000000008000334                DMA1_Channel7_IRQHandler
                0x0000000008000334                CAN1_RX1_IRQHandler
                0x0000000008000334                TIM4_IRQHandler
                0x0000000008000334                I2C1_EV_IRQHandler
                0x0000000008000334                DMA1_Channel6_IRQHandler
                0x0000000008000334                TIM3_IRQHandler
                0x0000000008000334                RCC_IRQHandler
                0x0000000008000334                TIM1_TRG_COM_IRQHandler
                0x0000000008000334                DMA1_Channel1_IRQHandler
                0x0000000008000334                Default_Handler
                0x0000000008000334                EXTI9_5_IRQHandler
                0x0000000008000334                SPI2_IRQHandler
                0x0000000008000334                DMA1_Channel5_IRQHandler
                0x0000000008000334                EXTI4_IRQHandler
                0x0000000008000334                USB_LP_CAN1_RX0_IRQHandler
                0x0000000008000334                USB_HP_CAN1_TX_IRQHandler
                0x0000000008000334                DMA1_Channel3_IRQHandler
                0x0000000008000334                TIM1_UP_IRQHandler
                0x0000000008000334                WWDG_IRQHandler
                0x0000000008000334                TIM2_IRQHandler
                0x0000000008000334                TIM1_BRK_IRQHandler
                0x0000000008000334                EXTI1_IRQHandler
                0x0000000008000334                USART2_IRQHandler
                0x0000000008000334                I2C2_ER_IRQHandler
                0x0000000008000334                DMA1_Channel2_IRQHandler
                0x0000000008000334                CAN1_SCE_IRQHandler
                0x0000000008000334                FLASH_IRQHandler
                0x0000000008000334                USART1_IRQHandler
                0x0000000008000334                I2C1_ER_IRQHandler
                0x0000000008000334                USBWakeUp_IRQHandler
 *fill*         0x0000000008000336        0x2 
 .text.HAL_IncTick
                0x0000000008000338       0x18 CMakeFiles/02_blinking_led.elf.dir/Drivers/STM32F1xx_HAL_Driver/Src/stm32f1xx_hal.c.obj
                0x0000000008000338                HAL_IncTick
 .text.HAL_GPIO_Init
                0x0000000008000350      0x220 CMakeFiles/02_blinking_led.elf.dir/Drivers/STM32F1xx_HAL_Driver/Src/stm32f1xx_hal_gpio.c.obj
                0x0000000008000350                HAL_GPIO_Init
 .text.HAL_GPIO_TogglePin
                0x0000000008000570       0x12 CMakeFiles/02_blinking_led.elf.dir/Drivers/STM32F1xx_HAL_Driver/Src/stm32f1xx_hal_gpio.c.obj
                0x0000000008000570                HAL_GPIO_TogglePin
 .text.HAL_GPIO_EXTI_Callback
                0x0000000008000582        0x2 CMakeFiles/02_blinking_led.elf.dir/Drivers/STM32F1xx_HAL_Driver/Src/stm32f1xx_hal_gpio.c.obj
                0x0000000008000582                HAL_GPIO_EXTI_Callback
 .text.HAL_GPIO_EXTI_IRQHandler
                0x0000000008000584       0x1c CMakeFiles/02_blinking_led.elf.dir/Drivers/STM32F1xx_HAL_Driver/Src/stm32f1xx_hal_gpio.c.obj
                0x0000000008000584                HAL_GPIO_EXTI_IRQHandler
 .text.startup  0x00000000080005a0       0x14 /usr/lib/gcc/arm-none-eabi/9.2.1/../../../arm-none-eabi/lib/thumb/v7-m/nofp/libg.a(lib_a-__call_atexit.o)
 *(.glue_7)
 .glue_7        0x00000000080005b4        0x0 linker stubs
 *(.glue_7t)
 .glue_7t       0x00000000080005b4        0x0 linker stubs
 *(.eh_frame)
 .eh_frame      0x00000000080005b4        0x0 /usr/lib/gcc/arm-none-eabi/9.2.1/thumb/v7-m/nofp/crtbegin.o
 *(.init)
 .init          0x00000000080005b4        0x4 /usr/lib/gcc/arm-none-eabi/9.2.1/thumb/v7-m/nofp/crti.o
                0x00000000080005b4                _init
 .init          0x00000000080005b8        0x8 /usr/lib/gcc/arm-none-eabi/9.2.1/thumb/v7-m/nofp/crtn.o
 *(.fini)
 .fini          0x00000000080005c0        0x4 /usr/lib/gcc/arm-none-eabi/9.2.1/thumb/v7-m/nofp/crti.o
                0x00000000080005c0                _fini
 .fini          0x00000000080005c4        0x8 /usr/lib/gcc/arm-none-eabi/9.2.1/thumb/v7-m/nofp/crtn.o
                0x00000000080005cc                . = ALIGN (0x4)
                0x00000000080005cc                _etext = .

.vfp11_veneer   0x00000000080005cc        0x0
 .vfp11_veneer  0x00000000080005cc        0x0 linker stubs

.v4_bx          0x00000000080005cc        0x0
 .v4_bx         0x00000000080005cc        0x0 linker stubs

.iplt           0x00000000080005cc        0x0
 .iplt          0x00000000080005cc        0x0 /usr/lib/gcc/arm-none-eabi/9.2.1/thumb/v7-m/nofp/crtbegin.o

.rodata         0x00000000080005cc        0x4
                0x00000000080005cc                . = ALIGN (0x4)
 *(.rodata)
 .rodata        0x00000000080005cc        0x4 /usr/lib/gcc/arm-none-eabi/9.2.1/../../../arm-none-eabi/lib/thumb/v7-m/nofp/libg.a(lib_a-impure.o)
                0x00000000080005cc                _global_impure_ptr
 *(.rodata*)
                0x00000000080005d0                . = ALIGN (0x4)

.rel.dyn        0x00000000080005d0        0x0
 .rel.iplt      0x00000000080005d0        0x0 /usr/lib/gcc/arm-none-eabi/9.2.1/thumb/v7-m/nofp/crtbegin.o

.ARM.extab      0x00000000080005d0        0x0
                0x00000000080005d0                . = ALIGN (0x4)
 *(.ARM.extab* .gnu.linkonce.armextab.*)
                0x00000000080005d0                . = ALIGN (0x4)

.ARM            0x00000000080005d0        0x0
                0x00000000080005d0                . = ALIGN (0x4)
                0x00000000080005d0                __exidx_start = .
 *(.ARM.exidx*)
                0x00000000080005d0                __exidx_end = .
                0x00000000080005d0                . = ALIGN (0x4)

.preinit_array  0x00000000080005d0        0x0
                0x00000000080005d0                . = ALIGN (0x4)
                0x00000000080005d0                PROVIDE (__preinit_array_start = .)
 *(.preinit_array*)
                0x00000000080005d0                PROVIDE (__preinit_array_end = .)
                0x00000000080005d0                . = ALIGN (0x4)

.init_array     0x00000000080005d0        0x8
                0x00000000080005d0                . = ALIGN (0x4)
                0x00000000080005d0                PROVIDE (__init_array_start = .)
 *(SORT_BY_NAME(.init_array.*))
 .init_array.00000
                0x00000000080005d0        0x4 /usr/lib/gcc/arm-none-eabi/9.2.1/../../../arm-none-eabi/lib/thumb/v7-m/nofp/libg.a(lib_a-__call_atexit.o)
 *(.init_array*)
 .init_array    0x00000000080005d4        0x4 /usr/lib/gcc/arm-none-eabi/9.2.1/thumb/v7-m/nofp/crtbegin.o
                0x00000000080005d8                PROVIDE (__init_array_end = .)
                0x00000000080005d8                . = ALIGN (0x4)

.fini_array     0x00000000080005d8        0x4
                0x00000000080005d8                . = ALIGN (0x4)
                0x00000000080005d8                PROVIDE (__fini_array_start = .)
 *(SORT_BY_NAME(.fini_array.*))
 *(.fini_array*)
 .fini_array    0x00000000080005d8        0x4 /usr/lib/gcc/arm-none-eabi/9.2.1/thumb/v7-m/nofp/crtbegin.o
                0x00000000080005dc                PROVIDE (__fini_array_end = .)
                0x00000000080005dc                . = ALIGN (0x4)
                0x00000000080005dc                _sidata = LOADADDR (.data)

.data           0x0000000020000000      0x434 load address 0x00000000080005dc
                0x0000000020000000                . = ALIGN (0x4)
                0x0000000020000000                _sdata = .
 *(.data)
 .data          0x0000000020000000      0x430 /usr/lib/gcc/arm-none-eabi/9.2.1/../../../arm-none-eabi/lib/thumb/v7-m/nofp/libg.a(lib_a-impure.o)
                0x0000000020000000                _impure_ptr
 *(.data*)
 .data.uwTickFreq
                0x0000000020000430        0x1 CMakeFiles/02_blinking_led.elf.dir/Drivers/STM32F1xx_HAL_Driver/Src/stm32f1xx_hal.c.obj
                0x0000000020000430                uwTickFreq
                0x0000000020000434                . = ALIGN (0x4)
 *fill*         0x0000000020000431        0x3 
                0x0000000020000434                _edata = .

.tm_clone_table
                0x0000000020000434        0x0 load address 0x0000000008000a10
 .tm_clone_table
                0x0000000020000434        0x0 /usr/lib/gcc/arm-none-eabi/9.2.1/thumb/v7-m/nofp/crtbegin.o
 .tm_clone_table
                0x0000000020000434        0x0 /usr/lib/gcc/arm-none-eabi/9.2.1/thumb/v7-m/nofp/crtend.o

.igot.plt       0x0000000020000434        0x0 load address 0x0000000008000a10
 .igot.plt      0x0000000020000434        0x0 /usr/lib/gcc/arm-none-eabi/9.2.1/thumb/v7-m/nofp/crtbegin.o
                0x0000000020000434                . = ALIGN (0x4)

.bss            0x0000000020000434       0x20 load address 0x0000000008000a10
                0x0000000020000434                _sbss = .
                0x0000000020000434                __bss_start__ = _sbss
 *(.bss)
 .bss           0x0000000020000434       0x1c /usr/lib/gcc/arm-none-eabi/9.2.1/thumb/v7-m/nofp/crtbegin.o
 *(.bss*)
 .bss.uwTick    0x0000000020000450        0x4 CMakeFiles/02_blinking_led.elf.dir/Drivers/STM32F1xx_HAL_Driver/Src/stm32f1xx_hal.c.obj
                0x0000000020000450                uwTick
 *(COMMON)
                0x0000000020000454                . = ALIGN (0x4)
                0x0000000020000454                _ebss = .
                0x0000000020000454                __bss_end__ = _ebss

._user_heap_stack
                0x0000000020000454      0x604 load address 0x0000000008000a10
                0x0000000020000458                . = ALIGN (0x8)
 *fill*         0x0000000020000454        0x4 
                [!provide]                        PROVIDE (end = .)
                0x0000000020000458                PROVIDE (_end = .)
                0x0000000020000658                . = (. + _Min_Heap_Size)
 *fill*         0x0000000020000458      0x200 
                0x0000000020000a58                . = (. + _Min_Stack_Size)
 *fill*         0x0000000020000658      0x400 
                0x0000000020000a58                . = ALIGN (0x8)

/DISCARD/
 libc.a(*)
 libm.a(*)
 libgcc.a(*)

.ARM.attributes
                0x0000000000000000       0x29
 *(.ARM.attributes)
 .ARM.attributes
                0x0000000000000000       0x1d /usr/lib/gcc/arm-none-eabi/9.2.1/thumb/v7-m/nofp/crti.o
 .ARM.attributes
                0x000000000000001d       0x2d /usr/lib/gcc/arm-none-eabi/9.2.1/thumb/v7-m/nofp/crtbegin.o
 .ARM.attributes
                0x000000000000004a       0x2d CMakeFiles/02_blinking_led.elf.dir/Core/Src/main.c.obj
 .ARM.attributes
                0x0000000000000077       0x2d CMakeFiles/02_blinking_led.elf.dir/Core/Src/stm32f1xx_it.c.obj
 .ARM.attributes
                0x00000000000000a4       0x2d CMakeFiles/02_blinking_led.elf.dir/Core/Src/system_stm32f1xx.c.obj
 .ARM.attributes
                0x00000000000000d1       0x21 CMakeFiles/02_blinking_led.elf.dir/Core/Startup/startup_stm32f103rbtx.s.obj
 .ARM.attributes
                0x00000000000000f2       0x2d CMakeFiles/02_blinking_led.elf.dir/Drivers/STM32F1xx_HAL_Driver/Src/stm32f1xx_hal.c.obj
 .ARM.attributes
                0x000000000000011f       0x2d CMakeFiles/02_blinking_led.elf.dir/Drivers/STM32F1xx_HAL_Driver/Src/stm32f1xx_hal_gpio.c.obj
 .ARM.attributes
                0x000000000000014c       0x2d /usr/lib/gcc/arm-none-eabi/9.2.1/../../../arm-none-eabi/lib/thumb/v7-m/nofp/libg.a(lib_a-atexit.o)
 .ARM.attributes
                0x0000000000000179       0x2d /usr/lib/gcc/arm-none-eabi/9.2.1/../../../arm-none-eabi/lib/thumb/v7-m/nofp/libg.a(lib_a-fini.o)
 .ARM.attributes
                0x00000000000001a6       0x2d /usr/lib/gcc/arm-none-eabi/9.2.1/../../../arm-none-eabi/lib/thumb/v7-m/nofp/libg.a(lib_a-impure.o)
 .ARM.attributes
                0x00000000000001d3       0x2d /usr/lib/gcc/arm-none-eabi/9.2.1/../../../arm-none-eabi/lib/thumb/v7-m/nofp/libg.a(lib_a-init.o)
 .ARM.attributes
                0x0000000000000200       0x2d /usr/lib/gcc/arm-none-eabi/9.2.1/../../../arm-none-eabi/lib/thumb/v7-m/nofp/libg.a(lib_a-__atexit.o)
 .ARM.attributes
                0x000000000000022d       0x2d /usr/lib/gcc/arm-none-eabi/9.2.1/../../../arm-none-eabi/lib/thumb/v7-m/nofp/libg.a(lib_a-__call_atexit.o)
 .ARM.attributes
                0x000000000000025a       0x2d /usr/lib/gcc/arm-none-eabi/9.2.1/thumb/v7-m/nofp/crtend.o
 .ARM.attributes
                0x0000000000000287       0x1d /usr/lib/gcc/arm-none-eabi/9.2.1/thumb/v7-m/nofp/crtn.o
OUTPUT(02_blinking_led.elf elf32-littlearm)
LOAD linker stubs
LOAD /usr/lib/gcc/arm-none-eabi/9.2.1/../../../arm-none-eabi/lib/thumb/v7-m/nofp/libc.a
LOAD /usr/lib/gcc/arm-none-eabi/9.2.1/../../../arm-none-eabi/lib/thumb/v7-m/nofp/libm.a
LOAD /usr/lib/gcc/arm-none-eabi/9.2.1/thumb/v7-m/nofp/libgcc.a

.comment        0x0000000000000000       0xa7
 .comment       0x0000000000000000       0x59 /usr/lib/gcc/arm-none-eabi/9.2.1/thumb/v7-m/nofp/crtbegin.o
                                         0x5a (size before relaxing)
 .comment       0x0000000000000059       0x5a CMakeFiles/02_blinking_led.elf.dir/Core/Src/main.c.obj
 .comment       0x0000000000000059       0x5a CMakeFiles/02_blinking_led.elf.dir/Core/Src/stm32f1xx_it.c.obj
 .comment       0x0000000000000059       0x5a CMakeFiles/02_blinking_led.elf.dir/Core/Src/system_stm32f1xx.c.obj
 .comment       0x0000000000000059       0x5a CMakeFiles/02_blinking_led.elf.dir/Drivers/STM32F1xx_HAL_Driver/Src/stm32f1xx_hal.c.obj
 .comment       0x0000000000000059       0x5a CMakeFiles/02_blinking_led.elf.dir/Drivers/STM32F1xx_HAL_Driver/Src/stm32f1xx_hal_gpio.c.obj
 .comment       0x0000000000000059       0x4e /usr/lib/gcc/arm-none-eabi/9.2.1/../../../arm-none-eabi/lib/thumb/v7-m/nofp/libg.a(lib_a-atexit.o)
                                         0x4f (size before relaxing)
 .comment       0x00000000000000a7       0x4f /usr/lib/gcc/arm-none-eabi/9.2.1/../../../arm-none-eabi/lib/thumb/v7-m/nofp/libg.a(lib_a-fini.o)
 .comment       0x00000000000000a7       0x4f /usr/lib/gcc/arm-none-eabi/9.2.1/../../../arm-none-eabi/lib/thumb/v7-m/nofp/libg.a(lib_a-impure.o)
 .comment       0x00000000000000a7       0x4f /usr/lib/gcc/arm-none-eabi/9.2.1/../../../arm-none-eabi/lib/thumb/v7-m/nofp/libg.a(lib_a-init.o)
 .comment       0x00000000000000a7       0x4f /usr/lib/gcc/arm-none-eabi/9.2.1/../../../arm-none-eabi/lib/thumb/v7-m/nofp/libg.a(lib_a-__atexit.o)
 .comment       0x00000000000000a7       0x4f /usr/lib/gcc/arm-none-eabi/9.2.1/../../../arm-none-eabi/lib/thumb/v7-m/nofp/libg.a(lib_a-__call_atexit.o)
 .comment       0x00000000000000a7       0x5a /usr/lib/gcc/arm-none-eabi/9.2.1/thumb/v7-m/nofp/crtend.o

.debug_info     0x0000000000000000     0x40b2
 .debug_info    0x0000000000000000      0x358 CMakeFiles/02_blinking_led.elf.dir/Core/Src/main.c.obj
 .debug_info    0x0000000000000358      0x255 CMakeFiles/02_blinking_led.elf.dir/Core/Src/stm32f1xx_it.c.obj
 .debug_info    0x00000000000005ad      0x2a5 CMakeFiles/02_blinking_led.elf.dir/Core/Src/system_stm32f1xx.c.obj
 .debug_info    0x0000000000000852       0x22 CMakeFiles/02_blinking_led.elf.dir/Core/Startup/startup_stm32f103rbtx.s.obj
 .debug_info    0x0000000000000874      0x80d CMakeFiles/02_blinking_led.elf.dir/Drivers/STM32F1xx_HAL_Driver/Src/stm32f1xx_hal.c.obj
 .debug_info    0x0000000000001081      0x72b CMakeFiles/02_blinking_led.elf.dir/Drivers/STM32F1xx_HAL_Driver/Src/stm32f1xx_hal_gpio.c.obj
 .debug_info    0x00000000000017ac      0x995 /usr/lib/gcc/arm-none-eabi/9.2.1/../../../arm-none-eabi/lib/thumb/v7-m/nofp/libg.a(lib_a-atexit.o)
 .debug_info    0x0000000000002141      0x102 /usr/lib/gcc/arm-none-eabi/9.2.1/../../../arm-none-eabi/lib/thumb/v7-m/nofp/libg.a(lib_a-fini.o)
 .debug_info    0x0000000000002243      0x92a /usr/lib/gcc/arm-none-eabi/9.2.1/../../../arm-none-eabi/lib/thumb/v7-m/nofp/libg.a(lib_a-impure.o)
 .debug_info    0x0000000000002b6d      0x11a /usr/lib/gcc/arm-none-eabi/9.2.1/../../../arm-none-eabi/lib/thumb/v7-m/nofp/libg.a(lib_a-init.o)
 .debug_info    0x0000000000002c87      0x9d5 /usr/lib/gcc/arm-none-eabi/9.2.1/../../../arm-none-eabi/lib/thumb/v7-m/nofp/libg.a(lib_a-__atexit.o)
 .debug_info    0x000000000000365c      0xa56 /usr/lib/gcc/arm-none-eabi/9.2.1/../../../arm-none-eabi/lib/thumb/v7-m/nofp/libg.a(lib_a-__call_atexit.o)

.debug_abbrev   0x0000000000000000     0x12ac
 .debug_abbrev  0x0000000000000000      0x17b CMakeFiles/02_blinking_led.elf.dir/Core/Src/main.c.obj
 .debug_abbrev  0x000000000000017b      0x119 CMakeFiles/02_blinking_led.elf.dir/Core/Src/stm32f1xx_it.c.obj
 .debug_abbrev  0x0000000000000294      0x151 CMakeFiles/02_blinking_led.elf.dir/Core/Src/system_stm32f1xx.c.obj
 .debug_abbrev  0x00000000000003e5       0x12 CMakeFiles/02_blinking_led.elf.dir/Core/Startup/startup_stm32f103rbtx.s.obj
 .debug_abbrev  0x00000000000003f7      0x219 CMakeFiles/02_blinking_led.elf.dir/Drivers/STM32F1xx_HAL_Driver/Src/stm32f1xx_hal.c.obj
 .debug_abbrev  0x0000000000000610      0x213 CMakeFiles/02_blinking_led.elf.dir/Drivers/STM32F1xx_HAL_Driver/Src/stm32f1xx_hal_gpio.c.obj
 .debug_abbrev  0x0000000000000823      0x232 /usr/lib/gcc/arm-none-eabi/9.2.1/../../../arm-none-eabi/lib/thumb/v7-m/nofp/libg.a(lib_a-atexit.o)
 .debug_abbrev  0x0000000000000a55       0xcf /usr/lib/gcc/arm-none-eabi/9.2.1/../../../arm-none-eabi/lib/thumb/v7-m/nofp/libg.a(lib_a-fini.o)
 .debug_abbrev  0x0000000000000b24      0x1b8 /usr/lib/gcc/arm-none-eabi/9.2.1/../../../arm-none-eabi/lib/thumb/v7-m/nofp/libg.a(lib_a-impure.o)
 .debug_abbrev  0x0000000000000cdc       0xcc /usr/lib/gcc/arm-none-eabi/9.2.1/../../../arm-none-eabi/lib/thumb/v7-m/nofp/libg.a(lib_a-init.o)
 .debug_abbrev  0x0000000000000da8      0x252 /usr/lib/gcc/arm-none-eabi/9.2.1/../../../arm-none-eabi/lib/thumb/v7-m/nofp/libg.a(lib_a-__atexit.o)
 .debug_abbrev  0x0000000000000ffa      0x2b2 /usr/lib/gcc/arm-none-eabi/9.2.1/../../../arm-none-eabi/lib/thumb/v7-m/nofp/libg.a(lib_a-__call_atexit.o)

.debug_aranges  0x0000000000000000      0x2d0
 .debug_aranges
                0x0000000000000000       0x20 CMakeFiles/02_blinking_led.elf.dir/Core/Src/main.c.obj
 .debug_aranges
                0x0000000000000020       0x68 CMakeFiles/02_blinking_led.elf.dir/Core/Src/stm32f1xx_it.c.obj
 .debug_aranges
                0x0000000000000088       0x28 CMakeFiles/02_blinking_led.elf.dir/Core/Src/system_stm32f1xx.c.obj
 .debug_aranges
                0x00000000000000b0       0x28 CMakeFiles/02_blinking_led.elf.dir/Core/Startup/startup_stm32f103rbtx.s.obj
 .debug_aranges
                0x00000000000000d8       0xe0 CMakeFiles/02_blinking_led.elf.dir/Drivers/STM32F1xx_HAL_Driver/Src/stm32f1xx_hal.c.obj
 .debug_aranges
                0x00000000000001b8       0x58 CMakeFiles/02_blinking_led.elf.dir/Drivers/STM32F1xx_HAL_Driver/Src/stm32f1xx_hal_gpio.c.obj
 .debug_aranges
                0x0000000000000210       0x20 /usr/lib/gcc/arm-none-eabi/9.2.1/../../../arm-none-eabi/lib/thumb/v7-m/nofp/libg.a(lib_a-atexit.o)
 .debug_aranges
                0x0000000000000230       0x20 /usr/lib/gcc/arm-none-eabi/9.2.1/../../../arm-none-eabi/lib/thumb/v7-m/nofp/libg.a(lib_a-fini.o)
 .debug_aranges
                0x0000000000000250       0x18 /usr/lib/gcc/arm-none-eabi/9.2.1/../../../arm-none-eabi/lib/thumb/v7-m/nofp/libg.a(lib_a-impure.o)
 .debug_aranges
                0x0000000000000268       0x20 /usr/lib/gcc/arm-none-eabi/9.2.1/../../../arm-none-eabi/lib/thumb/v7-m/nofp/libg.a(lib_a-init.o)
 .debug_aranges
                0x0000000000000288       0x20 /usr/lib/gcc/arm-none-eabi/9.2.1/../../../arm-none-eabi/lib/thumb/v7-m/nofp/libg.a(lib_a-__atexit.o)
 .debug_aranges
                0x00000000000002a8       0x28 /usr/lib/gcc/arm-none-eabi/9.2.1/../../../arm-none-eabi/lib/thumb/v7-m/nofp/libg.a(lib_a-__call_atexit.o)

.debug_ranges   0x0000000000000000      0x1f0
 .debug_ranges  0x0000000000000000       0x10 CMakeFiles/02_blinking_led.elf.dir/Core/Src/main.c.obj
 .debug_ranges  0x0000000000000010       0x58 CMakeFiles/02_blinking_led.elf.dir/Core/Src/stm32f1xx_it.c.obj
 .debug_ranges  0x0000000000000068       0x18 CMakeFiles/02_blinking_led.elf.dir/Core/Src/system_stm32f1xx.c.obj
 .debug_ranges  0x0000000000000080       0x20 CMakeFiles/02_blinking_led.elf.dir/Core/Startup/startup_stm32f103rbtx.s.obj
 .debug_ranges  0x00000000000000a0       0xd0 CMakeFiles/02_blinking_led.elf.dir/Drivers/STM32F1xx_HAL_Driver/Src/stm32f1xx_hal.c.obj
 .debug_ranges  0x0000000000000170       0x48 CMakeFiles/02_blinking_led.elf.dir/Drivers/STM32F1xx_HAL_Driver/Src/stm32f1xx_hal_gpio.c.obj
 .debug_ranges  0x00000000000001b8       0x38 /usr/lib/gcc/arm-none-eabi/9.2.1/../../../arm-none-eabi/lib/thumb/v7-m/nofp/libg.a(lib_a-__call_atexit.o)

.debug_line     0x0000000000000000     0x1cb5
 .debug_line    0x0000000000000000      0x26d CMakeFiles/02_blinking_led.elf.dir/Core/Src/main.c.obj
 .debug_line    0x000000000000026d      0x2f7 CMakeFiles/02_blinking_led.elf.dir/Core/Src/stm32f1xx_it.c.obj
 .debug_line    0x0000000000000564      0x2c0 CMakeFiles/02_blinking_led.elf.dir/Core/Src/system_stm32f1xx.c.obj
 .debug_line    0x0000000000000824       0xb3 CMakeFiles/02_blinking_led.elf.dir/Core/Startup/startup_stm32f103rbtx.s.obj
 .debug_line    0x00000000000008d7      0x550 CMakeFiles/02_blinking_led.elf.dir/Drivers/STM32F1xx_HAL_Driver/Src/stm32f1xx_hal.c.obj
 .debug_line    0x0000000000000e27      0x652 CMakeFiles/02_blinking_led.elf.dir/Drivers/STM32F1xx_HAL_Driver/Src/stm32f1xx_hal_gpio.c.obj
 .debug_line    0x0000000000001479      0x14a /usr/lib/gcc/arm-none-eabi/9.2.1/../../../arm-none-eabi/lib/thumb/v7-m/nofp/libg.a(lib_a-atexit.o)
 .debug_line    0x00000000000015c3       0xd7 /usr/lib/gcc/arm-none-eabi/9.2.1/../../../arm-none-eabi/lib/thumb/v7-m/nofp/libg.a(lib_a-fini.o)
 .debug_line    0x000000000000169a       0xe3 /usr/lib/gcc/arm-none-eabi/9.2.1/../../../arm-none-eabi/lib/thumb/v7-m/nofp/libg.a(lib_a-impure.o)
 .debug_line    0x000000000000177d      0x114 /usr/lib/gcc/arm-none-eabi/9.2.1/../../../arm-none-eabi/lib/thumb/v7-m/nofp/libg.a(lib_a-init.o)
 .debug_line    0x0000000000001891      0x1e7 /usr/lib/gcc/arm-none-eabi/9.2.1/../../../arm-none-eabi/lib/thumb/v7-m/nofp/libg.a(lib_a-__atexit.o)
 .debug_line    0x0000000000001a78      0x23d /usr/lib/gcc/arm-none-eabi/9.2.1/../../../arm-none-eabi/lib/thumb/v7-m/nofp/libg.a(lib_a-__call_atexit.o)

.debug_str      0x0000000000000000     0x1492
 .debug_str     0x0000000000000000      0x344 CMakeFiles/02_blinking_led.elf.dir/Core/Src/main.c.obj
                                        0x38b (size before relaxing)
 .debug_str     0x0000000000000344      0x114 CMakeFiles/02_blinking_led.elf.dir/Core/Src/stm32f1xx_it.c.obj
                                        0x3aa (size before relaxing)
 .debug_str     0x0000000000000458       0x81 CMakeFiles/02_blinking_led.elf.dir/Core/Src/system_stm32f1xx.c.obj
                                        0x353 (size before relaxing)
 .debug_str     0x00000000000004d9       0x63 CMakeFiles/02_blinking_led.elf.dir/Core/Startup/startup_stm32f103rbtx.s.obj
                                         0xa7 (size before relaxing)
 .debug_str     0x000000000000053c      0x5e1 CMakeFiles/02_blinking_led.elf.dir/Drivers/STM32F1xx_HAL_Driver/Src/stm32f1xx_hal.c.obj
                                        0x8d0 (size before relaxing)
 .debug_str     0x0000000000000b1d      0x197 CMakeFiles/02_blinking_led.elf.dir/Drivers/STM32F1xx_HAL_Driver/Src/stm32f1xx_hal_gpio.c.obj
                                        0x532 (size before relaxing)
 .debug_str     0x0000000000000cb4      0x520 /usr/lib/gcc/arm-none-eabi/9.2.1/../../../arm-none-eabi/lib/thumb/v7-m/nofp/libg.a(lib_a-atexit.o)
                                        0x5e3 (size before relaxing)
 .debug_str     0x00000000000011d4       0xc4 /usr/lib/gcc/arm-none-eabi/9.2.1/../../../arm-none-eabi/lib/thumb/v7-m/nofp/libg.a(lib_a-fini.o)
                                        0x1f2 (size before relaxing)
 .debug_str     0x0000000000001298       0x97 /usr/lib/gcc/arm-none-eabi/9.2.1/../../../arm-none-eabi/lib/thumb/v7-m/nofp/libg.a(lib_a-impure.o)
                                        0x598 (size before relaxing)
 .debug_str     0x000000000000132f       0x96 /usr/lib/gcc/arm-none-eabi/9.2.1/../../../arm-none-eabi/lib/thumb/v7-m/nofp/libg.a(lib_a-init.o)
                                        0x21c (size before relaxing)
 .debug_str     0x00000000000013c5       0x54 /usr/lib/gcc/arm-none-eabi/9.2.1/../../../arm-none-eabi/lib/thumb/v7-m/nofp/libg.a(lib_a-__atexit.o)
                                        0x601 (size before relaxing)
 .debug_str     0x0000000000001419       0x79 /usr/lib/gcc/arm-none-eabi/9.2.1/../../../arm-none-eabi/lib/thumb/v7-m/nofp/libg.a(lib_a-__call_atexit.o)
                                        0x614 (size before relaxing)

.debug_frame    0x0000000000000000      0x4d4
 .debug_frame   0x0000000000000000       0x28 CMakeFiles/02_blinking_led.elf.dir/Core/Src/main.c.obj
 .debug_frame   0x0000000000000028       0xc0 CMakeFiles/02_blinking_led.elf.dir/Core/Src/stm32f1xx_it.c.obj
 .debug_frame   0x00000000000000e8       0x30 CMakeFiles/02_blinking_led.elf.dir/Core/Src/system_stm32f1xx.c.obj
 .debug_frame   0x0000000000000118      0x1cc CMakeFiles/02_blinking_led.elf.dir/Drivers/STM32F1xx_HAL_Driver/Src/stm32f1xx_hal.c.obj
 .debug_frame   0x00000000000002e4       0xe8 CMakeFiles/02_blinking_led.elf.dir/Drivers/STM32F1xx_HAL_Driver/Src/stm32f1xx_hal_gpio.c.obj
 .debug_frame   0x00000000000003cc       0x20 /usr/lib/gcc/arm-none-eabi/9.2.1/../../../arm-none-eabi/lib/thumb/v7-m/nofp/libg.a(lib_a-atexit.o)
 .debug_frame   0x00000000000003ec       0x34 /usr/lib/gcc/arm-none-eabi/9.2.1/../../../arm-none-eabi/lib/thumb/v7-m/nofp/libg.a(lib_a-fini.o)
 .debug_frame   0x0000000000000420       0x2c /usr/lib/gcc/arm-none-eabi/9.2.1/../../../arm-none-eabi/lib/thumb/v7-m/nofp/libg.a(lib_a-init.o)
 .debug_frame   0x000000000000044c       0x38 /usr/lib/gcc/arm-none-eabi/9.2.1/../../../arm-none-eabi/lib/thumb/v7-m/nofp/libg.a(lib_a-__atexit.o)
 .debug_frame   0x0000000000000484       0x50 /usr/lib/gcc/arm-none-eabi/9.2.1/../../../arm-none-eabi/lib/thumb/v7-m/nofp/libg.a(lib_a-__call_atexit.o)

.debug_loc      0x0000000000000000      0xa7e
 .debug_loc     0x0000000000000000       0xff CMakeFiles/02_blinking_led.elf.dir/Core/Src/system_stm32f1xx.c.obj
 .debug_loc     0x00000000000000ff      0x141 CMakeFiles/02_blinking_led.elf.dir/Drivers/STM32F1xx_HAL_Driver/Src/stm32f1xx_hal.c.obj
 .debug_loc     0x0000000000000240      0x468 CMakeFiles/02_blinking_led.elf.dir/Drivers/STM32F1xx_HAL_Driver/Src/stm32f1xx_hal_gpio.c.obj
 .debug_loc     0x00000000000006a8       0x32 /usr/lib/gcc/arm-none-eabi/9.2.1/../../../arm-none-eabi/lib/thumb/v7-m/nofp/libg.a(lib_a-atexit.o)
 .debug_loc     0x00000000000006da       0x68 /usr/lib/gcc/arm-none-eabi/9.2.1/../../../arm-none-eabi/lib/thumb/v7-m/nofp/libg.a(lib_a-fini.o)
 .debug_loc     0x0000000000000742       0xba /usr/lib/gcc/arm-none-eabi/9.2.1/../../../arm-none-eabi/lib/thumb/v7-m/nofp/libg.a(lib_a-init.o)
 .debug_loc     0x00000000000007fc      0x138 /usr/lib/gcc/arm-none-eabi/9.2.1/../../../arm-none-eabi/lib/thumb/v7-m/nofp/libg.a(lib_a-__atexit.o)
 .debug_loc     0x0000000000000934      0x14a /usr/lib/gcc/arm-none-eabi/9.2.1/../../../arm-none-eabi/lib/thumb/v7-m/nofp/libg.a(lib_a-__call_atexit.o)
