23:54:27 **** Incremental Build of configuration Debug for project blinking_led ****
make -j2 all 
arm-none-eabi-gcc "../Core/Src/main.c" -mcpu=cortex-m3 -std=gnu11 -g3 -DUSE_HAL_DRIVER -DSTM32F103xB -DDEBUG -c -I../Core/Inc -I../Drivers/STM32F1xx_HAL_Driver/Inc -I../Drivers/STM32F1xx_HAL_Driver/Inc/Legacy -I../Drivers/CMSIS/Device/ST/STM32F1xx/Include -I../Drivers/CMSIS/Include -O0 -ffunction-sections -fdata-sections -Wall -fstack-usage -MMD -MP -MF"Core/Src/main.d" -MT"Core/Src/main.o" --specs=nano.specs -mfloat-abi=soft -mthumb -o "Core/Src/main.o"
arm-none-eabi-gcc -o "blinking_led.elf" @"objects.list"   -mcpu=cortex-m3 -T"C:\Users\baseo\git\stm32f103rbt6\blinking_led\STM32F103RBTX_FLASH.ld" --specs=nosys.specs -Wl,-Map="blinking_led.map" -Wl,--gc-sections -static --specs=nano.specs -mfloat-abi=soft -mthumb -Wl,--start-group -lc -lm -Wl,--end-group
Finished building target: blinking_led.elf
 
arm-none-eabi-objdump -h -S  blinking_led.elf  > "blinking_led.list"
arm-none-eabi-objcopy  -O binary  blinking_led.elf  "blinking_led.bin"
Finished building: blinking_led.bin
Finished building: blinking_led.list
 
 
arm-none-eabi-size   blinking_led.elf 
   text	   data	    bss	    dec	    hex	filename
   1552	     12	   1572	   3136	    c40	blinking_led.elf
Finished building: default.size.stdout
 

23:54:31 Build Finished. 0 errors, 0 warnings. (took 3s.734ms)

